Archive member included to satisfy reference by file (symbol)

c:/users/84886/desktop/project stm32/tool/arm-gnu-toolchain-12.2.mpacbti-rel1-mingw-w64-i686-arm-none-eabi/bin/../lib/gcc/arm-none-eabi/9.2.1/../../../../arm-none-eabi/lib/thumb/v7e-m+fp/hard\libc_nano.a(lib_a-exit.o)
                              c:/users/84886/desktop/project stm32/tool/arm-gnu-toolchain-12.2.mpacbti-rel1-mingw-w64-i686-arm-none-eabi/bin/../lib/gcc/arm-none-eabi/9.2.1/../../../../arm-none-eabi/lib/thumb/v7e-m+fp/hard/crt0.o (exit)
c:/users/84886/desktop/project stm32/tool/arm-gnu-toolchain-12.2.mpacbti-rel1-mingw-w64-i686-arm-none-eabi/bin/../lib/gcc/arm-none-eabi/9.2.1/../../../../arm-none-eabi/lib/thumb/v7e-m+fp/hard\libc_nano.a(lib_a-impure.o)
                              c:/users/84886/desktop/project stm32/tool/arm-gnu-toolchain-12.2.mpacbti-rel1-mingw-w64-i686-arm-none-eabi/bin/../lib/gcc/arm-none-eabi/9.2.1/../../../../arm-none-eabi/lib/thumb/v7e-m+fp/hard\libc_nano.a(lib_a-exit.o) (_global_impure_ptr)
c:/users/84886/desktop/project stm32/tool/arm-gnu-toolchain-12.2.mpacbti-rel1-mingw-w64-i686-arm-none-eabi/bin/../lib/gcc/arm-none-eabi/9.2.1/../../../../arm-none-eabi/lib/thumb/v7e-m+fp/hard\libc_nano.a(lib_a-init.o)
                              c:/users/84886/desktop/project stm32/tool/arm-gnu-toolchain-12.2.mpacbti-rel1-mingw-w64-i686-arm-none-eabi/bin/../lib/gcc/arm-none-eabi/9.2.1/../../../../arm-none-eabi/lib/thumb/v7e-m+fp/hard/crt0.o (__libc_init_array)
c:/users/84886/desktop/project stm32/tool/arm-gnu-toolchain-12.2.mpacbti-rel1-mingw-w64-i686-arm-none-eabi/bin/../lib/gcc/arm-none-eabi/9.2.1/../../../../arm-none-eabi/lib/thumb/v7e-m+fp/hard\libc_nano.a(lib_a-memset.o)
                              c:/users/84886/desktop/project stm32/tool/arm-gnu-toolchain-12.2.mpacbti-rel1-mingw-w64-i686-arm-none-eabi/bin/../lib/gcc/arm-none-eabi/9.2.1/../../../../arm-none-eabi/lib/thumb/v7e-m+fp/hard/crt0.o (memset)
c:/users/84886/desktop/project stm32/tool/arm-gnu-toolchain-12.2.mpacbti-rel1-mingw-w64-i686-arm-none-eabi/bin/../lib/gcc/arm-none-eabi/9.2.1/../../../../arm-none-eabi/lib/thumb/v7e-m+fp/hard\libnosys.a(_exit.o)
                              c:/users/84886/desktop/project stm32/tool/arm-gnu-toolchain-12.2.mpacbti-rel1-mingw-w64-i686-arm-none-eabi/bin/../lib/gcc/arm-none-eabi/9.2.1/../../../../arm-none-eabi/lib/thumb/v7e-m+fp/hard\libc_nano.a(lib_a-exit.o) (_exit)
c:/users/84886/desktop/project stm32/tool/arm-gnu-toolchain-12.2.mpacbti-rel1-mingw-w64-i686-arm-none-eabi/bin/../lib/gcc/arm-none-eabi/9.2.1/thumb/v7e-m+fp/hard\libgcc.a(_arm_muldf3.o)
                              build/main.o (__aeabi_dmul)
c:/users/84886/desktop/project stm32/tool/arm-gnu-toolchain-12.2.mpacbti-rel1-mingw-w64-i686-arm-none-eabi/bin/../lib/gcc/arm-none-eabi/9.2.1/thumb/v7e-m+fp/hard\libgcc.a(_arm_addsubdf3.o)
                              build/main.o (__aeabi_i2d)
c:/users/84886/desktop/project stm32/tool/arm-gnu-toolchain-12.2.mpacbti-rel1-mingw-w64-i686-arm-none-eabi/bin/../lib/gcc/arm-none-eabi/9.2.1/thumb/v7e-m+fp/hard\libgcc.a(_arm_fixunsdfsi.o)
                              build/main.o (__aeabi_d2uiz)
c:/users/84886/desktop/project stm32/tool/arm-gnu-toolchain-12.2.mpacbti-rel1-mingw-w64-i686-arm-none-eabi/bin/../lib/gcc/arm-none-eabi/9.2.1/thumb/v7e-m+fp/hard\libgcc.a(_aeabi_uldivmod.o)
                              build/stm32f4xx_hal_rcc.o (__aeabi_uldivmod)
c:/users/84886/desktop/project stm32/tool/arm-gnu-toolchain-12.2.mpacbti-rel1-mingw-w64-i686-arm-none-eabi/bin/../lib/gcc/arm-none-eabi/9.2.1/thumb/v7e-m+fp/hard\libgcc.a(_udivmoddi4.o)
                              c:/users/84886/desktop/project stm32/tool/arm-gnu-toolchain-12.2.mpacbti-rel1-mingw-w64-i686-arm-none-eabi/bin/../lib/gcc/arm-none-eabi/9.2.1/thumb/v7e-m+fp/hard\libgcc.a(_aeabi_uldivmod.o) (__udivmoddi4)
c:/users/84886/desktop/project stm32/tool/arm-gnu-toolchain-12.2.mpacbti-rel1-mingw-w64-i686-arm-none-eabi/bin/../lib/gcc/arm-none-eabi/9.2.1/thumb/v7e-m+fp/hard\libgcc.a(_dvmd_tls.o)
                              c:/users/84886/desktop/project stm32/tool/arm-gnu-toolchain-12.2.mpacbti-rel1-mingw-w64-i686-arm-none-eabi/bin/../lib/gcc/arm-none-eabi/9.2.1/thumb/v7e-m+fp/hard\libgcc.a(_aeabi_uldivmod.o) (__aeabi_ldiv0)

Allocating common symbols
Common symbol       size              file

htim8               0x48              build/main.o
hi2c1               0x54              build/main.o
uwTick              0x4               build/stm32f4xx_hal.o
pFlash              0x20              build/stm32f4xx_hal_flash.o

Discarded input sections

 .text          0x00000000        0x0 c:/users/84886/desktop/project stm32/tool/arm-gnu-toolchain-12.2.mpacbti-rel1-mingw-w64-i686-arm-none-eabi/bin/../lib/gcc/arm-none-eabi/9.2.1/thumb/v7e-m+fp/hard/crti.o
 .data          0x00000000        0x0 c:/users/84886/desktop/project stm32/tool/arm-gnu-toolchain-12.2.mpacbti-rel1-mingw-w64-i686-arm-none-eabi/bin/../lib/gcc/arm-none-eabi/9.2.1/thumb/v7e-m+fp/hard/crti.o
[...]
Memory Configuration

Name             Origin             Length             Attributes
RAM              0x20000000         0x00020000         xrw
CCMRAM           0x10000000         0x00010000         xrw
FLASH            0x08000000         0x00080000         xr
*default*        0x00000000         0xffffffff

Linker script and memory map

LOAD c:/users/84886/desktop/project stm32/tool/arm-gnu-toolchain-12.2.mpacbti-rel1-mingw-w64-i686-arm-none-eabi/bin/../lib/gcc/arm-none-eabi/9.2.1/thumb/v7e-m+fp/hard/crti.o
LOAD c:/users/84886/desktop/project stm32/tool/arm-gnu-toolchain-12.2.mpacbti-rel1-mingw-w64-i686-arm-none-eabi/bin/../lib/gcc/arm-none-eabi/9.2.1/thumb/v7e-m+fp/hard/crtbegin.o
LOAD c:/users/84886/desktop/project stm32/tool/arm-gnu-toolchain-12.2.mpacbti-rel1-mingw-w64-i686-arm-none-eabi/bin/../lib/gcc/arm-none-eabi/9.2.1/../../../../arm-none-eabi/lib/thumb/v7e-m+fp/hard/crt0.o
LOAD build/as5600.o
LOAD build/main.o
LOAD build/stm32f4xx_hal_msp.o
LOAD build/stm32f4xx_it.o
LOAD build/system_stm32f4xx.o
LOAD build/stm32f4xx_hal.o
LOAD build/stm32f4xx_hal_cortex.o
LOAD build/stm32f4xx_hal_dma.o
LOAD build/stm32f4xx_hal_dma_ex.o
LOAD build/stm32f4xx_hal_exti.o
LOAD build/stm32f4xx_hal_flash.o
LOAD build/stm32f4xx_hal_flash_ex.o
LOAD build/stm32f4xx_hal_flash_ramfunc.o
LOAD build/stm32f4xx_hal_gpio.o
LOAD build/stm32f4xx_hal_i2c.o
LOAD build/stm32f4xx_hal_i2c_ex.o
LOAD build/stm32f4xx_hal_pwr.o
LOAD build/stm32f4xx_hal_pwr_ex.o
LOAD build/stm32f4xx_hal_rcc.o
LOAD build/stm32f4xx_hal_rcc_ex.o
LOAD build/stm32f4xx_hal_tim.o
LOAD build/stm32f4xx_hal_tim_ex.o
LOAD build/startup_stm32f407xx.o
LOAD c:/users/84886/desktop/project stm32/tool/arm-gnu-toolchain-12.2.mpacbti-rel1-mingw-w64-i686-arm-none-eabi/bin/../lib/gcc/arm-none-eabi/9.2.1/../../../../arm-none-eabi/lib/thumb/v7e-m+fp/hard\libc_nano.a
LOAD c:/users/84886/desktop/project stm32/tool/arm-gnu-toolchain-12.2.mpacbti-rel1-mingw-w64-i686-arm-none-eabi/bin/../lib/gcc/arm-none-eabi/9.2.1/../../../../arm-none-eabi/lib/thumb/v7e-m+fp/hard\libm.a
LOAD c:/users/84886/desktop/project stm32/tool/arm-gnu-toolchain-12.2.mpacbti-rel1-mingw-w64-i686-arm-none-eabi/bin/../lib/gcc/arm-none-eabi/9.2.1/../../../../arm-none-eabi/lib/thumb/v7e-m+fp/hard\libnosys.a
START GROUP
LOAD c:/users/84886/desktop/project stm32/tool/arm-gnu-toolchain-12.2.mpacbti-rel1-mingw-w64-i686-arm-none-eabi/bin/../lib/gcc/arm-none-eabi/9.2.1/thumb/v7e-m+fp/hard\libgcc.a
LOAD c:/users/84886/desktop/project stm32/tool/arm-gnu-toolchain-12.2.mpacbti-rel1-mingw-w64-i686-arm-none-eabi/bin/../lib/gcc/arm-none-eabi/9.2.1/../../../../arm-none-eabi/lib/thumb/v7e-m+fp/hard\libc_nano.a
END GROUP
START GROUP
LOAD c:/users/84886/desktop/project stm32/tool/arm-gnu-toolchain-12.2.mpacbti-rel1-mingw-w64-i686-arm-none-eabi/bin/../lib/gcc/arm-none-eabi/9.2.1/thumb/v7e-m+fp/hard\libgcc.a
LOAD c:/users/84886/desktop/project stm32/tool/arm-gnu-toolchain-12.2.mpacbti-rel1-mingw-w64-i686-arm-none-eabi/bin/../lib/gcc/arm-none-eabi/9.2.1/../../../../arm-none-eabi/lib/thumb/v7e-m+fp/hard\libc_nano.a
END GROUP
LOAD c:/users/84886/desktop/project stm32/tool/arm-gnu-toolchain-12.2.mpacbti-rel1-mingw-w64-i686-arm-none-eabi/bin/../lib/gcc/arm-none-eabi/9.2.1/thumb/v7e-m+fp/hard/crtend.o
LOAD c:/users/84886/desktop/project stm32/tool/arm-gnu-toolchain-12.2.mpacbti-rel1-mingw-w64-i686-arm-none-eabi/bin/../lib/gcc/arm-none-eabi/9.2.1/thumb/v7e-m+fp/hard/crtn.o
                0x20020000                _estack = (ORIGIN (RAM) + LENGTH (RAM))
                0x00000200                _Min_Heap_Size = 0x200
                0x00000400                _Min_Stack_Size = 0x400

.isr_vector     0x08000000      0x188
                0x08000000                . = ALIGN (0x4)
 *(.isr_vector)
 .isr_vector    0x08000000      0x188 build/startup_stm32f407xx.o
                0x08000000                g_pfnVectors
                0x08000188                . = ALIGN (0x4)

.text           0x08000188     0x3864
                0x08000188                . = ALIGN (0x4)
 *(.text)
 .text          0x08000188       0x40 c:/users/84886/desktop/project stm32/tool/arm-gnu-toolchain-12.2.mpacbti-rel1-mingw-w64-i686-arm-none-eabi/bin/../lib/gcc/arm-none-eabi/9.2.1/thumb/v7e-m+fp/hard/crtbegin.o
 .text          0x080001c8       0x30 c:/users/84886/desktop/project stm32/tool/arm-gnu-toolchain-12.2.mpacbti-rel1-mingw-w64-i686-arm-none-eabi/bin/../lib/gcc/arm-none-eabi/9.2.1/thumb/v7e-m+fp/hard\libgcc.a(_aeabi_uldivmod.o)
                0x080001c8                __aeabi_uldivmod
 .text          0x080001f8      0x2c4 c:/users/84886/desktop/project stm32/tool/arm-gnu-toolchain-12.2.mpacbti-rel1-mingw-w64-i686-arm-none-eabi/bin/../lib/gcc/arm-none-eabi/9.2.1/thumb/v7e-m+fp/hard\libgcc.a(_udivmoddi4.o)
                0x080001f8                __udivmoddi4
 .text          0x080004bc        0x4 c:/users/84886/desktop/project stm32/tool/arm-gnu-toolchain-12.2.mpacbti-rel1-mingw-w64-i686-arm-none-eabi/bin/../lib/gcc/arm-none-eabi/9.2.1/thumb/v7e-m+fp/hard\libgcc.a(_dvmd_tls.o)
                0x080004bc                __aeabi_idiv0
                0x080004bc                __aeabi_ldiv0
 *(.text*)
 .text.MX_GPIO_Init
                0x080004c0      0x1d0 build/main.o
 .text.Buzzer_Beep
                0x08000690       0x40 build/main.o
                0x08000690                Buzzer_Beep
 .text.Motor_Init
                0x080006d0       0x4c build/main.o
                0x080006d0                Motor_Init
 .text.HAL_TIM_PeriodElapsedCallback
                0x0800071c       0x40 build/main.o
                0x0800071c                HAL_TIM_PeriodElapsedCallback
 .text.Error_Handler
                0x0800075c        0x4 build/main.o
                0x0800075c                Error_Handler
 .text.MX_I2C1_Init
                0x08000760       0x38 build/main.o
 .text.MX_TIM8_Init
                0x08000798       0xe0 build/main.o
 .text.SystemClock_Config
                0x08000878       0x88 build/main.o
                0x08000878                SystemClock_Config
 .text.main     0x08000900       0x50 build/main.o
                0x08000900                main
 .text.assert_failed
                0x08000950        0x2 build/main.o
                0x08000950                assert_failed
 *fill*         0x08000952        0x2 
 .text.HAL_MspInit
                0x08000954       0x60 build/stm32f4xx_hal_msp.o
                0x08000954                HAL_MspInit
 .text.HAL_I2C_MspInit
                0x080009b4       0x90 build/stm32f4xx_hal_msp.o
                0x080009b4                HAL_I2C_MspInit
 .text.HAL_TIM_PWM_MspInit
                0x08000a44       0x50 build/stm32f4xx_hal_msp.o
                0x08000a44                HAL_TIM_PWM_MspInit
 .text.HAL_TIM_MspPostInit
                0x08000a94       0x60 build/stm32f4xx_hal_msp.o
                0x08000a94                HAL_TIM_MspPostInit
 .text.NMI_Handler
                0x08000af4        0x2 build/stm32f4xx_it.o
                0x08000af4                NMI_Handler
 .text.HardFault_Handler
                0x08000af6        0x2 build/stm32f4xx_it.o
                0x08000af6                HardFault_Handler
 .text.MemManage_Handler
                0x08000af8        0x2 build/stm32f4xx_it.o
                0x08000af8                MemManage_Handler
 .text.BusFault_Handler
                0x08000afa        0x2 build/stm32f4xx_it.o
                0x08000afa                BusFault_Handler
 .text.UsageFault_Handler
                0x08000afc        0x2 build/stm32f4xx_it.o
                0x08000afc                UsageFault_Handler
 .text.SVC_Handler
                0x08000afe        0x2 build/stm32f4xx_it.o
                0x08000afe                SVC_Handler
 .text.DebugMon_Handler
                0x08000b00        0x2 build/stm32f4xx_it.o
                0x08000b00                DebugMon_Handler
 .text.PendSV_Handler
                0x08000b02        0x2 build/stm32f4xx_it.o
                0x08000b02                PendSV_Handler
 .text.SysTick_Handler
                0x08000b04        0x8 build/stm32f4xx_it.o
                0x08000b04                SysTick_Handler
 .text.RCC_IRQHandler
                0x08000b0c        0x2 build/stm32f4xx_it.o
                0x08000b0c                RCC_IRQHandler
 *fill*         0x08000b0e        0x2 
 .text.I2C1_EV_IRQHandler
                0x08000b10       0x10 build/stm32f4xx_it.o
                0x08000b10                I2C1_EV_IRQHandler
 .text.I2C1_ER_IRQHandler
                0x08000b20       0x10 build/stm32f4xx_it.o
                0x08000b20                I2C1_ER_IRQHandler
 .text.EXTI15_10_IRQHandler
                0x08000b30        0xc build/stm32f4xx_it.o
                0x08000b30                EXTI15_10_IRQHandler
 .text.TIM8_UP_TIM13_IRQHandler
                0x08000b3c       0x10 build/stm32f4xx_it.o
                0x08000b3c                TIM8_UP_TIM13_IRQHandler
 .text.TIM8_CC_IRQHandler
                0x08000b4c       0x10 build/stm32f4xx_it.o
                0x08000b4c                TIM8_CC_IRQHandler
 .text.FPU_IRQHandler
                0x08000b5c        0x2 build/stm32f4xx_it.o
                0x08000b5c                FPU_IRQHandler
 *fill*         0x08000b5e        0x2 
 .text.SystemInit
                0x08000b60       0x14 build/system_stm32f4xx.o
                0x08000b60                SystemInit
 .text.HAL_InitTick
                0x08000b74       0x4c build/stm32f4xx_hal.o
                0x08000b74                HAL_InitTick
 .text.HAL_Init
                0x08000bc0       0x34 build/stm32f4xx_hal.o
                0x08000bc0                HAL_Init
 .text.HAL_IncTick
                0x08000bf4       0x18 build/stm32f4xx_hal.o
                0x08000bf4                HAL_IncTick
 .text.HAL_GetTick
                0x08000c0c        0xc build/stm32f4xx_hal.o
                0x08000c0c                HAL_GetTick
 .text.HAL_Delay
                0x08000c18       0x28 build/stm32f4xx_hal.o
                0x08000c18                HAL_Delay
 .text.HAL_NVIC_SetPriorityGrouping
                0x08000c40       0x3c build/stm32f4xx_hal_cortex.o
                0x08000c40                HAL_NVIC_SetPriorityGrouping
 .text.HAL_NVIC_SetPriority
                0x08000c7c       0x8c build/stm32f4xx_hal_cortex.o
                0x08000c7c                HAL_NVIC_SetPriority
 .text.HAL_NVIC_EnableIRQ
                0x08000d08       0x30 build/stm32f4xx_hal_cortex.o
                0x08000d08                HAL_NVIC_EnableIRQ
 .text.HAL_SYSTICK_Config
                0x08000d38       0x2c build/stm32f4xx_hal_cortex.o
                0x08000d38                HAL_SYSTICK_Config
 .text.HAL_DMA_Abort_IT
                0x08000d64       0x26 build/stm32f4xx_hal_dma.o
                0x08000d64                HAL_DMA_Abort_IT
 .text.HAL_DMA_GetState
                0x08000d8a        0x6 build/stm32f4xx_hal_dma.o
                0x08000d8a                HAL_DMA_GetState
 .text.HAL_GPIO_Init
                0x08000d90      0x2ec build/stm32f4xx_hal_gpio.o
                0x08000d90                HAL_GPIO_Init
 .text.HAL_GPIO_WritePin
                0x0800107c       0x38 build/stm32f4xx_hal_gpio.o
                0x0800107c                HAL_GPIO_WritePin
 .text.HAL_GPIO_TogglePin
                0x080010b4       0x2c build/stm32f4xx_hal_gpio.o
                0x080010b4                HAL_GPIO_TogglePin
 .text.HAL_GPIO_EXTI_Callback
                0x080010e0        0x2 build/stm32f4xx_hal_gpio.o
                0x080010e0                HAL_GPIO_EXTI_Callback
 *fill*         0x080010e2        0x2 
 .text.HAL_GPIO_EXTI_IRQHandler
                0x080010e4       0x1c build/stm32f4xx_hal_gpio.o
                0x080010e4                HAL_GPIO_EXTI_IRQHandler
 .text.I2C_Master_SB
                0x08001100       0xa8 build/stm32f4xx_hal_i2c.o
 .text.I2C_Master_ADD10
                0x080011a8       0x2a build/stm32f4xx_hal_i2c.o
 .text.I2C_Master_ADDR
                0x080011d2      0x206 build/stm32f4xx_hal_i2c.o
 .text.I2C_SlaveTransmit_BTF
                0x080013d8       0x20 build/stm32f4xx_hal_i2c.o
 .text.I2C_SlaveReceive_BTF
                0x080013f8       0x20 build/stm32f4xx_hal_i2c.o
 .text.I2C_WaitOnSTOPRequestThroughIT
                0x08001418       0x48 build/stm32f4xx_hal_i2c.o
 .text.I2C_ConvertOtherXferOptions
                0x08001460       0x1e build/stm32f4xx_hal_i2c.o
 *fill*         0x0800147e        0x2 
 .text.HAL_I2C_Init
                0x08001480      0x2b0 build/stm32f4xx_hal_i2c.o
                0x08001480                HAL_I2C_Init
 .text.HAL_I2C_MasterTxCpltCallback
                0x08001730        0x2 build/stm32f4xx_hal_i2c.o
                0x08001730                HAL_I2C_MasterTxCpltCallback
 .text.HAL_I2C_MasterRxCpltCallback
                0x08001732        0x2 build/stm32f4xx_hal_i2c.o
                0x08001732                HAL_I2C_MasterRxCpltCallback
 .text.HAL_I2C_SlaveTxCpltCallback
                0x08001734        0x2 build/stm32f4xx_hal_i2c.o
                0x08001734                HAL_I2C_SlaveTxCpltCallback
 .text.I2C_SlaveTransmit_TXE
                0x08001736       0x4c build/stm32f4xx_hal_i2c.o
 .text.HAL_I2C_SlaveRxCpltCallback
                0x08001782        0x2 build/stm32f4xx_hal_i2c.o
                0x08001782                HAL_I2C_SlaveRxCpltCallback
 .text.I2C_SlaveReceive_RXNE
                0x08001784       0x4c build/stm32f4xx_hal_i2c.o
 .text.HAL_I2C_AddrCallback
                0x080017d0        0x2 build/stm32f4xx_hal_i2c.o
                0x080017d0                HAL_I2C_AddrCallback
 .text.I2C_Slave_ADDR
                0x080017d2       0x5a build/stm32f4xx_hal_i2c.o
 .text.HAL_I2C_ListenCpltCallback
                0x0800182c        0x2 build/stm32f4xx_hal_i2c.o
                0x0800182c                HAL_I2C_ListenCpltCallback
 *fill*         0x0800182e        0x2 
 .text.I2C_Slave_AF
                0x08001830       0x94 build/stm32f4xx_hal_i2c.o
 .text.HAL_I2C_MemTxCpltCallback
                0x080018c4        0x2 build/stm32f4xx_hal_i2c.o
                0x080018c4                HAL_I2C_MemTxCpltCallback
 .text.I2C_MasterTransmit_BTF
                0x080018c6       0x9e build/stm32f4xx_hal_i2c.o
 .text.I2C_MemoryTransmit_TXE_BTF
                0x08001964       0xbe build/stm32f4xx_hal_i2c.o
 .text.I2C_MasterTransmit_TXE
                0x08001a22       0xd0 build/stm32f4xx_hal_i2c.o
 .text.HAL_I2C_MemRxCpltCallback
                0x08001af2        0x2 build/stm32f4xx_hal_i2c.o
                0x08001af2                HAL_I2C_MemRxCpltCallback
 .text.I2C_MasterReceive_BTF
                0x08001af4      0x128 build/stm32f4xx_hal_i2c.o
 .text.HAL_I2C_ErrorCallback
                0x08001c1c        0x2 build/stm32f4xx_hal_i2c.o
                0x08001c1c                HAL_I2C_ErrorCallback
 .text.I2C_MasterReceive_RXNE
                0x08001c1e       0xf6 build/stm32f4xx_hal_i2c.o
 .text.HAL_I2C_AbortCpltCallback
                0x08001d14        0x2 build/stm32f4xx_hal_i2c.o
                0x08001d14                HAL_I2C_AbortCpltCallback
 *fill*         0x08001d16        0x2 
 .text.I2C_DMAAbort
                0x08001d18       0xe4 build/stm32f4xx_hal_i2c.o
 .text.I2C_ITError
                0x08001dfc      0x178 build/stm32f4xx_hal_i2c.o
 .text.I2C_Slave_STOPF
                0x08001f74      0x18c build/stm32f4xx_hal_i2c.o
 .text.HAL_I2C_EV_IRQHandler
                0x08002100      0x1a0 build/stm32f4xx_hal_i2c.o
                0x08002100                HAL_I2C_EV_IRQHandler
 .text.HAL_I2C_ER_IRQHandler
                0x080022a0       0xc4 build/stm32f4xx_hal_i2c.o
                0x080022a0                HAL_I2C_ER_IRQHandler
 .text.HAL_RCC_OscConfig
                0x08002364      0x504 build/stm32f4xx_hal_rcc.o
                0x08002364                HAL_RCC_OscConfig
 .text.HAL_RCC_GetSysClockFreq
                0x08002868       0xa0 build/stm32f4xx_hal_rcc.o
                0x08002868                HAL_RCC_GetSysClockFreq
 .text.HAL_RCC_ClockConfig
                0x08002908      0x21c build/stm32f4xx_hal_rcc.o
                0x08002908                HAL_RCC_ClockConfig
 .text.HAL_RCC_GetHCLKFreq
                0x08002b24        0xc build/stm32f4xx_hal_rcc.o
                0x08002b24                HAL_RCC_GetHCLKFreq
 .text.HAL_RCC_GetPCLK1Freq
                0x08002b30       0x20 build/stm32f4xx_hal_rcc.o
                0x08002b30                HAL_RCC_GetPCLK1Freq
 .text.TIM_OC1_SetConfig
                0x08002b50       0xb4 build/stm32f4xx_hal_tim.o
 .text.TIM_OC3_SetConfig
                0x08002c04       0xbc build/stm32f4xx_hal_tim.o
 .text.TIM_OC4_SetConfig
                0x08002cc0       0x74 build/stm32f4xx_hal_tim.o
 .text.HAL_TIM_Base_Start_IT
                0x08002d34      0x108 build/stm32f4xx_hal_tim.o
                0x08002d34                HAL_TIM_Base_Start_IT
 .text.HAL_TIM_OC_DelayElapsedCallback
                0x08002e3c        0x2 build/stm32f4xx_hal_tim.o
                0x08002e3c                HAL_TIM_OC_DelayElapsedCallback
 .text.HAL_TIM_IC_CaptureCallback
                0x08002e3e        0x2 build/stm32f4xx_hal_tim.o
                0x08002e3e                HAL_TIM_IC_CaptureCallback
 .text.HAL_TIM_PWM_PulseFinishedCallback
                0x08002e40        0x2 build/stm32f4xx_hal_tim.o
                0x08002e40                HAL_TIM_PWM_PulseFinishedCallback
 .text.HAL_TIM_TriggerCallback
                0x08002e42        0x2 build/stm32f4xx_hal_tim.o
                0x08002e42                HAL_TIM_TriggerCallback
 .text.HAL_TIM_IRQHandler
                0x08002e44      0x17a build/stm32f4xx_hal_tim.o
                0x08002e44                HAL_TIM_IRQHandler
 *fill*         0x08002fbe        0x2 
 .text.TIM_Base_SetConfig
                0x08002fc0       0xc8 build/stm32f4xx_hal_tim.o
                0x08002fc0                TIM_Base_SetConfig
 .text.HAL_TIM_PWM_Init
                0x08003088      0x130 build/stm32f4xx_hal_tim.o
                0x08003088                HAL_TIM_PWM_Init
 .text.TIM_OC2_SetConfig
                0x080031b8       0xc0 build/stm32f4xx_hal_tim.o
                0x080031b8                TIM_OC2_SetConfig
 .text.HAL_TIM_PWM_ConfigChannel
                0x08003278      0x27c build/stm32f4xx_hal_tim.o
                0x08003278                HAL_TIM_PWM_ConfigChannel
 .text.TIM_CCxChannelCmd
                0x080034f4       0xb4 build/stm32f4xx_hal_tim.o
                0x080034f4                TIM_CCxChannelCmd
 .text.HAL_TIM_PWM_Stop
                0x080035a8      0x140 build/stm32f4xx_hal_tim.o
                0x080035a8                HAL_TIM_PWM_Stop
 .text.HAL_TIMEx_MasterConfigSynchronization
                0x080036e8      0x118 build/stm32f4xx_hal_tim_ex.o
                0x080036e8                HAL_TIMEx_MasterConfigSynchronization
 .text.HAL_TIMEx_ConfigBreakDeadTime
                0x08003800      0x124 build/stm32f4xx_hal_tim_ex.o
                0x08003800                HAL_TIMEx_ConfigBreakDeadTime
 .text.HAL_TIMEx_CommutCallback
                0x08003924        0x2 build/stm32f4xx_hal_tim_ex.o
                0x08003924                HAL_TIMEx_CommutCallback
 .text.HAL_TIMEx_BreakCallback
                0x08003926        0x2 build/stm32f4xx_hal_tim_ex.o
                0x08003926                HAL_TIMEx_BreakCallback
 .text.Reset_Handler
                0x08003928       0x50 build/startup_stm32f407xx.o
                0x08003928                Reset_Handler
 .text.Default_Handler
                0x08003978        0x2 build/startup_stm32f407xx.o
                0x08003978                RTC_Alarm_IRQHandler
                0x08003978                HASH_RNG_IRQHandler
                0x08003978                EXTI2_IRQHandler
                0x08003978                TIM1_CC_IRQHandler
                0x08003978                DMA2_Stream5_IRQHandler
                0x08003978                DMA1_Stream5_IRQHandler
                0x08003978                PVD_IRQHandler
                0x08003978                SDIO_IRQHandler
                0x08003978                TAMP_STAMP_IRQHandler
                0x08003978                CAN2_RX1_IRQHandler
                0x08003978                EXTI3_IRQHandler
                0x08003978                TIM8_TRG_COM_TIM14_IRQHandler
                0x08003978                TIM1_UP_TIM10_IRQHandler
                0x08003978                I2C3_ER_IRQHandler
                0x08003978                EXTI0_IRQHandler
                0x08003978                I2C2_EV_IRQHandler
                0x08003978                DMA1_Stream2_IRQHandler
                0x08003978                CAN1_RX0_IRQHandler
                0x08003978                OTG_HS_WKUP_IRQHandler
                0x08003978                CAN2_SCE_IRQHandler
                0x08003978                DMA2_Stream2_IRQHandler
                0x08003978                SPI1_IRQHandler
                0x08003978                TIM6_DAC_IRQHandler
                0x08003978                TIM1_BRK_TIM9_IRQHandler
                0x08003978                DCMI_IRQHandler
                0x08003978                CAN2_RX0_IRQHandler
                0x08003978                DMA2_Stream3_IRQHandler
                0x08003978                USART6_IRQHandler
                0x08003978                USART3_IRQHandler
                0x08003978                CAN1_RX1_IRQHandler
                0x08003978                UART5_IRQHandler
                0x08003978                DMA2_Stream0_IRQHandler
                0x08003978                TIM4_IRQHandler
                0x08003978                DMA1_Stream6_IRQHandler
                0x08003978                DMA1_Stream1_IRQHandler
                0x08003978                UART4_IRQHandler
                0x08003978                TIM3_IRQHandler
                0x08003978                TIM8_BRK_TIM12_IRQHandler
                0x08003978                Default_Handler
                0x08003978                ADC_IRQHandler
                0x08003978                DMA1_Stream7_IRQHandler
                0x08003978                TIM7_IRQHandler
                0x08003978                CAN2_TX_IRQHandler
                0x08003978                TIM5_IRQHandler
                0x08003978                DMA2_Stream7_IRQHandler
                0x08003978                I2C3_EV_IRQHandler
                0x08003978                EXTI9_5_IRQHandler
                0x08003978                RTC_WKUP_IRQHandler
                0x08003978                ETH_WKUP_IRQHandler
                0x08003978                SPI2_IRQHandler
                0x08003978                OTG_HS_EP1_IN_IRQHandler
                0x08003978                DMA1_Stream0_IRQHandler
                0x08003978                CAN1_TX_IRQHandler
                0x08003978                EXTI4_IRQHandler
                0x08003978                FSMC_IRQHandler
                0x08003978                ETH_IRQHandler
                0x08003978                OTG_HS_EP1_OUT_IRQHandler
                0x08003978                WWDG_IRQHandler
                0x08003978                TIM2_IRQHandler
                0x08003978                OTG_FS_WKUP_IRQHandler
                0x08003978                TIM1_TRG_COM_TIM11_IRQHandler
                0x08003978                OTG_HS_IRQHandler
                0x08003978                EXTI1_IRQHandler
                0x08003978                USART2_IRQHandler
                0x08003978                I2C2_ER_IRQHandler
                0x08003978                DMA2_Stream1_IRQHandler
                0x08003978                CAN1_SCE_IRQHandler
                0x08003978                FLASH_IRQHandler
                0x08003978                DMA2_Stream4_IRQHandler
                0x08003978                USART1_IRQHandler
                0x08003978                OTG_FS_IRQHandler
                0x08003978                SPI3_IRQHandler
                0x08003978                DMA1_Stream4_IRQHandler
                0x08003978                DMA2_Stream6_IRQHandler
                0x08003978                DMA1_Stream3_IRQHandler
 *fill*         0x0800397a        0x2 
 .text.__libc_init_array
                0x0800397c       0x48 c:/users/84886/desktop/project stm32/tool/arm-gnu-toolchain-12.2.mpacbti-rel1-mingw-w64-i686-arm-none-eabi/bin/../lib/gcc/arm-none-eabi/9.2.1/../../../../arm-none-eabi/lib/thumb/v7e-m+fp/hard\libc_nano.a(lib_a-init.o)
                0x0800397c                __libc_init_array
 .text.memset   0x080039c4       0x10 c:/users/84886/desktop/project stm32/tool/arm-gnu-toolchain-12.2.mpacbti-rel1-mingw-w64-i686-arm-none-eabi/bin/../lib/gcc/arm-none-eabi/9.2.1/../../../../arm-none-eabi/lib/thumb/v7e-m+fp/hard\libc_nano.a(lib_a-memset.o)
                0x080039c4                memset
 *(.glue_7)
 .glue_7        0x080039d4        0x0 linker stubs
 *(.glue_7t)
 .glue_7t       0x080039d4        0x0 linker stubs
 *(.eh_frame)
 .eh_frame      0x080039d4        0x0 c:/users/84886/desktop/project stm32/tool/arm-gnu-toolchain-12.2.mpacbti-rel1-mingw-w64-i686-arm-none-eabi/bin/../lib/gcc/arm-none-eabi/9.2.1/thumb/v7e-m+fp/hard/crtbegin.o
 *(.init)
 .init          0x080039d4        0x4 c:/users/84886/desktop/project stm32/tool/arm-gnu-toolchain-12.2.mpacbti-rel1-mingw-w64-i686-arm-none-eabi/bin/../lib/gcc/arm-none-eabi/9.2.1/thumb/v7e-m+fp/hard/crti.o
                0x080039d4                _init
 .init          0x080039d8        0x8 c:/users/84886/desktop/project stm32/tool/arm-gnu-toolchain-12.2.mpacbti-rel1-mingw-w64-i686-arm-none-eabi/bin/../lib/gcc/arm-none-eabi/9.2.1/thumb/v7e-m+fp/hard/crtn.o
 *(.fini)
 .fini          0x080039e0        0x4 c:/users/84886/desktop/project stm32/tool/arm-gnu-toolchain-12.2.mpacbti-rel1-mingw-w64-i686-arm-none-eabi/bin/../lib/gcc/arm-none-eabi/9.2.1/thumb/v7e-m+fp/hard/crti.o
                0x080039e0                _fini
 .fini          0x080039e4        0x8 c:/users/84886/desktop/project stm32/tool/arm-gnu-toolchain-12.2.mpacbti-rel1-mingw-w64-i686-arm-none-eabi/bin/../lib/gcc/arm-none-eabi/9.2.1/thumb/v7e-m+fp/hard/crtn.o
                0x080039ec                . = ALIGN (0x4)
                0x080039ec                _etext = .

.vfp11_veneer   0x080039ec        0x0
 .vfp11_veneer  0x080039ec        0x0 linker stubs

.v4_bx          0x080039ec        0x0
 .v4_bx         0x080039ec        0x0 linker stubs

.iplt           0x080039ec        0x0
 .iplt          0x080039ec        0x0 c:/users/84886/desktop/project stm32/tool/arm-gnu-toolchain-12.2.mpacbti-rel1-mingw-w64-i686-arm-none-eabi/bin/../lib/gcc/arm-none-eabi/9.2.1/thumb/v7e-m+fp/hard/crtbegin.o

.rodata         0x080039ec      0x168
                0x080039ec                . = ALIGN (0x4)
 *(.rodata)
 *(.rodata*)
 .rodata.AHBPrescTable
                0x080039ec       0x10 build/system_stm32f4xx.o
                0x080039ec                AHBPrescTable
 .rodata.APBPrescTable
                0x080039fc        0x8 build/system_stm32f4xx.o
                0x080039fc                APBPrescTable
 .rodata.HAL_NVIC_SetPriorityGrouping.str1.4
                0x08003a04       0x38 build/stm32f4xx_hal_cortex.o
 .rodata.HAL_GPIO_Init.str1.4
                0x08003a3c       0x36 build/stm32f4xx_hal_gpio.o
 *fill*         0x08003a72        0x2 
 .rodata.HAL_I2C_Init.str1.4
                0x08003a74       0x35 build/stm32f4xx_hal_i2c.o
 *fill*         0x08003aa9        0x3 
 .rodata.HAL_RCC_OscConfig.str1.4
                0x08003aac       0x35 build/stm32f4xx_hal_rcc.o
 *fill*         0x08003ae1        0x3 
 .rodata.TIM_OC1_SetConfig.str1.4
                0x08003ae4       0x35 build/stm32f4xx_hal_tim.o
 *fill*         0x08003b19        0x3 
 .rodata.HAL_TIMEx_HallSensor_Init.str1.4
                0x08003b1c       0x38 build/stm32f4xx_hal_tim_ex.o
                0x08003b54                . = ALIGN (0x4)

.ARM.extab
 *(.ARM.extab* .gnu.linkonce.armextab.*)

.ARM            0x08003b54        0x8
                0x08003b54                __exidx_start = .
 *(.ARM.exidx*)
 .ARM.exidx     0x08003b54        0x8 c:/users/84886/desktop/project stm32/tool/arm-gnu-toolchain-12.2.mpacbti-rel1-mingw-w64-i686-arm-none-eabi/bin/../lib/gcc/arm-none-eabi/9.2.1/thumb/v7e-m+fp/hard\libgcc.a(_udivmoddi4.o)
                0x08003b5c                __exidx_end = .

.rel.dyn        0x08003b5c        0x0
 .rel.iplt      0x08003b5c        0x0 c:/users/84886/desktop/project stm32/tool/arm-gnu-toolchain-12.2.mpacbti-rel1-mingw-w64-i686-arm-none-eabi/bin/../lib/gcc/arm-none-eabi/9.2.1/thumb/v7e-m+fp/hard/crtbegin.o

.preinit_array  0x08003b5c        0x0
                0x08003b5c                PROVIDE (__preinit_array_start = .)
 *(.preinit_array*)
                0x08003b5c                PROVIDE (__preinit_array_end = .)

.init_array     0x08003b5c        0x4
                0x08003b5c                PROVIDE (__init_array_start = .)
 *(SORT_BY_NAME(.init_array.*))
 *(.init_array*)
 .init_array    0x08003b5c        0x4 c:/users/84886/desktop/project stm32/tool/arm-gnu-toolchain-12.2.mpacbti-rel1-mingw-w64-i686-arm-none-eabi/bin/../lib/gcc/arm-none-eabi/9.2.1/thumb/v7e-m+fp/hard/crtbegin.o
                0x08003b60                PROVIDE (__init_array_end = .)

.fini_array     0x08003b60        0x4
                [!provide]                PROVIDE (__fini_array_start = .)
 *(SORT_BY_NAME(.fini_array.*))
 *(.fini_array*)
 .fini_array    0x08003b60        0x4 c:/users/84886/desktop/project stm32/tool/arm-gnu-toolchain-12.2.mpacbti-rel1-mingw-w64-i686-arm-none-eabi/bin/../lib/gcc/arm-none-eabi/9.2.1/thumb/v7e-m+fp/hard/crtbegin.o
                [!provide]                PROVIDE (__fini_array_end = .)
                0x08003b64                _sidata = LOADADDR (.data)

.data           0x20000000       0x10 load address 0x08003b64
                0x20000000                . = ALIGN (0x4)
                0x20000000                _sdata = .
 *(.data)
 *(.data*)
 .data.Pulse_Calib_1
                0x20000000        0x2 build/main.o
                0x20000000                Pulse_Calib_1
 *fill*         0x20000002        0x2 
 .data.SystemCoreClock
                0x20000004        0x4 build/system_stm32f4xx.o
                0x20000004                SystemCoreClock
 .data.uwTickFreq
                0x20000008        0x1 build/stm32f4xx_hal.o
                0x20000008                uwTickFreq
 *fill*         0x20000009        0x3 
 .data.uwTickPrio
                0x2000000c        0x4 build/stm32f4xx_hal.o
                0x2000000c                uwTickPrio
                0x20000010                . = ALIGN (0x4)
                0x20000010                _edata = .
                0x08003b74                _siccmram = LOADADDR (.ccmram)

.igot.plt       0x20000010        0x0 load address 0x08003b74
 .igot.plt      0x20000010        0x0 c:/users/84886/desktop/project stm32/tool/arm-gnu-toolchain-12.2.mpacbti-rel1-mingw-w64-i686-arm-none-eabi/bin/../lib/gcc/arm-none-eabi/9.2.1/thumb/v7e-m+fp/hard/crtbegin.o

.ccmram         0x10000000        0x0 load address 0x08003b74
                0x10000000                . = ALIGN (0x4)
                0x10000000                _sccmram = .
 *(.ccmram)
 *(.ccmram*)
                0x10000000                . = ALIGN (0x4)
                0x10000000                _eccmram = .
                0x10000000                . = ALIGN (0x4)

.bss            0x20000010       0xc0
                0x20000010                _sbss = .
                0x20000010                __bss_start__ = _sbss
 *(.bss)
 .bss           0x20000010       0x1c c:/users/84886/desktop/project stm32/tool/arm-gnu-toolchain-12.2.mpacbti-rel1-mingw-w64-i686-arm-none-eabi/bin/../lib/gcc/arm-none-eabi/9.2.1/thumb/v7e-m+fp/hard/crtbegin.o
 *(.bss*)
 .bss.Count_Pulse
                0x2000002c        0x2 build/main.o
                0x2000002c                Count_Pulse
 *(COMMON)
 *fill*         0x2000002e        0x2 
 COMMON         0x20000030       0x9c build/main.o
                0x20000030                htim8
                0x20000078                hi2c1
 COMMON         0x200000cc        0x4 build/stm32f4xx_hal.o
                0x200000cc                uwTick
                0x200000d0                . = ALIGN (0x4)
                0x200000d0                _ebss = .
                0x200000d0                __bss_end__ = _ebss

._user_heap_stack
                0x200000d0      0x600
                0x200000d0                . = ALIGN (0x8)
                [!provide]                PROVIDE (end = .)
                [!provide]                PROVIDE (_end = .)
                0x200002d0                . = (. + _Min_Heap_Size)
 *fill*         0x200000d0      0x200 
                0x200006d0                . = (. + _Min_Stack_Size)
 *fill*         0x200002d0      0x400 
                0x200006d0                . = ALIGN (0x8)

/DISCARD/
 libc.a(*)
 libm.a(*)
 libgcc.a(*)

.ARM.attributes
                0x00000000       0x30
 *(.ARM.attributes)
 .ARM.attributes
                0x00000000       0x1e c:/users/84886/desktop/project stm32/tool/arm-gnu-toolchain-12.2.mpacbti-rel1-mingw-w64-i686-arm-none-eabi/bin/../lib/gcc/arm-none-eabi/9.2.1/thumb/v7e-m+fp/hard/crti.o
 .ARM.attributes
                0x0000001e       0x34 c:/users/84886/desktop/project stm32/tool/arm-gnu-toolchain-12.2.mpacbti-rel1-mingw-w64-i686-arm-none-eabi/bin/../lib/gcc/arm-none-eabi/9.2.1/thumb/v7e-m+fp/hard/crtbegin.o
 .ARM.attributes
                0x00000052       0x34 build/main.o
 .ARM.attributes
                0x00000086       0x34 build/stm32f4xx_hal_msp.o
 .ARM.attributes
                0x000000ba       0x34 build/stm32f4xx_it.o
 .ARM.attributes
                0x000000ee       0x34 build/system_stm32f4xx.o
 .ARM.attributes
                0x00000122       0x34 build/stm32f4xx_hal.o
 .ARM.attributes
                0x00000156       0x34 build/stm32f4xx_hal_cortex.o
 .ARM.attributes
                0x0000018a       0x34 build/stm32f4xx_hal_dma.o
 .ARM.attributes
                0x000001be       0x34 build/stm32f4xx_hal_gpio.o
 .ARM.attributes
                0x000001f2       0x34 build/stm32f4xx_hal_i2c.o
 .ARM.attributes
                0x00000226       0x34 build/stm32f4xx_hal_rcc.o
 .ARM.attributes
                0x0000025a       0x34 build/stm32f4xx_hal_tim.o
 .ARM.attributes
                0x0000028e       0x34 build/stm32f4xx_hal_tim_ex.o
 .ARM.attributes
                0x000002c2       0x21 build/startup_stm32f407xx.o
 .ARM.attributes
                0x000002e3       0x34 c:/users/84886/desktop/project stm32/tool/arm-gnu-toolchain-12.2.mpacbti-rel1-mingw-w64-i686-arm-none-eabi/bin/../lib/gcc/arm-none-eabi/9.2.1/../../../../arm-none-eabi/lib/thumb/v7e-m+fp/hard\libc_nano.a(lib_a-init.o)
 .ARM.attributes
                0x00000317       0x34 c:/users/84886/desktop/project stm32/tool/arm-gnu-toolchain-12.2.mpacbti-rel1-mingw-w64-i686-arm-none-eabi/bin/../lib/gcc/arm-none-eabi/9.2.1/../../../../arm-none-eabi/lib/thumb/v7e-m+fp/hard\libc_nano.a(lib_a-memset.o)
 .ARM.attributes
                0x0000034b       0x1e c:/users/84886/desktop/project stm32/tool/arm-gnu-toolchain-12.2.mpacbti-rel1-mingw-w64-i686-arm-none-eabi/bin/../lib/gcc/arm-none-eabi/9.2.1/thumb/v7e-m+fp/hard\libgcc.a(_aeabi_uldivmod.o)
 .ARM.attributes
                0x00000369       0x34 c:/users/84886/desktop/project stm32/tool/arm-gnu-toolchain-12.2.mpacbti-rel1-mingw-w64-i686-arm-none-eabi/bin/../lib/gcc/arm-none-eabi/9.2.1/thumb/v7e-m+fp/hard\libgcc.a(_udivmoddi4.o)
 .ARM.attributes
                0x0000039d       0x1e c:/users/84886/desktop/project stm32/tool/arm-gnu-toolchain-12.2.mpacbti-rel1-mingw-w64-i686-arm-none-eabi/bin/../lib/gcc/arm-none-eabi/9.2.1/thumb/v7e-m+fp/hard\libgcc.a(_dvmd_tls.o)
 .ARM.attributes
                0x000003bb       0x1e c:/users/84886/desktop/project stm32/tool/arm-gnu-toolchain-12.2.mpacbti-rel1-mingw-w64-i686-arm-none-eabi/bin/../lib/gcc/arm-none-eabi/9.2.1/thumb/v7e-m+fp/hard/crtn.o
OUTPUT(build/F407_Main.elf elf32-littlearm)

.debug_info     0x00000000    0x13920
 .debug_info    0x00000000     0x1d05 build/main.o
 .debug_info    0x00001d05     0x12f6 build/stm32f4xx_hal_msp.o
 .debug_info    0x00002ffb      0xbdc build/stm32f4xx_it.o
 .debug_info    0x00003bd7      0x5b9 build/system_stm32f4xx.o
 .debug_info    0x00004190      0xaa4 build/stm32f4xx_hal.o
 .debug_info    0x00004c34     0x13f8 build/stm32f4xx_hal_cortex.o
 .debug_info    0x0000602c      0xdf1 build/stm32f4xx_hal_dma.o
 .debug_info    0x00006e1d      0xa15 build/stm32f4xx_hal_gpio.o
 .debug_info    0x00007832     0x3ce9 build/stm32f4xx_hal_i2c.o
 .debug_info    0x0000b51b      0xdf8 build/stm32f4xx_hal_rcc.o
 .debug_info    0x0000c313     0x5433 build/stm32f4xx_hal_tim.o
 .debug_info    0x00011746     0x21b8 build/stm32f4xx_hal_tim_ex.o
 .debug_info    0x000138fe       0x22 build/startup_stm32f407xx.o

.debug_abbrev   0x00000000     0x1d98
 .debug_abbrev  0x00000000      0x324 build/main.o
 .debug_abbrev  0x00000324      0x1ef build/stm32f4xx_hal_msp.o
 .debug_abbrev  0x00000513      0x1f3 build/stm32f4xx_it.o
 .debug_abbrev  0x00000706      0x148 build/system_stm32f4xx.o
 .debug_abbrev  0x0000084e      0x219 build/stm32f4xx_hal.o
 .debug_abbrev  0x00000a67      0x3ad build/stm32f4xx_hal_cortex.o
 .debug_abbrev  0x00000e14      0x2e8 build/stm32f4xx_hal_dma.o
 .debug_abbrev  0x000010fc      0x258 build/stm32f4xx_hal_gpio.o
 .debug_abbrev  0x00001354      0x2ab build/stm32f4xx_hal_i2c.o
 .debug_abbrev  0x000015ff      0x2c1 build/stm32f4xx_hal_rcc.o
 .debug_abbrev  0x000018c0      0x258 build/stm32f4xx_hal_tim.o
 .debug_abbrev  0x00001b18      0x26e build/stm32f4xx_hal_tim_ex.o
 .debug_abbrev  0x00001d86       0x12 build/startup_stm32f407xx.o

.debug_loc      0x00000000     0xb09e
 .debug_loc     0x00000000      0x39e build/main.o
 .debug_loc     0x0000039e      0x110 build/stm32f4xx_hal_msp.o
 .debug_loc     0x000004ae      0x16c build/system_stm32f4xx.o
 .debug_loc     0x0000061a      0x130 build/stm32f4xx_hal.o
 .debug_loc     0x0000074a      0x92e build/stm32f4xx_hal_cortex.o
 .debug_loc     0x00001078      0xb53 build/stm32f4xx_hal_dma.o
 .debug_loc     0x00001bcb      0x689 build/stm32f4xx_hal_gpio.o
 .debug_loc     0x00002254     0x396d build/stm32f4xx_hal_i2c.o
 .debug_loc     0x00005bc1      0x562 build/stm32f4xx_hal_rcc.o
 .debug_loc     0x00006123     0x38d7 build/stm32f4xx_hal_tim.o
 .debug_loc     0x000099fa     0x16a4 build/stm32f4xx_hal_tim_ex.o

.debug_aranges  0x00000000      0xc88
 .debug_aranges
                0x00000000       0x78 build/main.o
 .debug_aranges
                0x00000078       0x48 build/stm32f4xx_hal_msp.o
 .debug_aranges
                0x000000c0       0x98 build/stm32f4xx_it.o
 .debug_aranges
                0x00000158       0x28 build/system_stm32f4xx.o
 .debug_aranges
                0x00000180       0xf0 build/stm32f4xx_hal.o
 .debug_aranges
                0x00000270       0xa8 build/stm32f4xx_hal_cortex.o
 .debug_aranges
                0x00000318       0x90 build/stm32f4xx_hal_dma.o
 .debug_aranges
                0x000003a8       0x58 build/stm32f4xx_hal_gpio.o
 .debug_aranges
                0x00000400      0x2a0 build/stm32f4xx_hal_i2c.o
 .debug_aranges
                0x000006a0       0x88 build/stm32f4xx_hal_rcc.o
 .debug_aranges
                0x00000728      0x3d0 build/stm32f4xx_hal_tim.o
 .debug_aranges
                0x00000af8      0x168 build/stm32f4xx_hal_tim_ex.o
 .debug_aranges
                0x00000c60       0x28 build/startup_stm32f407xx.o

.debug_ranges   0x00000000      0xc80
 .debug_ranges  0x00000000       0x68 build/main.o
 .debug_ranges  0x00000068       0x38 build/stm32f4xx_hal_msp.o
 .debug_ranges  0x000000a0       0x88 build/stm32f4xx_it.o
 .debug_ranges  0x00000128       0x18 build/system_stm32f4xx.o
 .debug_ranges  0x00000140       0xe0 build/stm32f4xx_hal.o
 .debug_ranges  0x00000220      0x128 build/stm32f4xx_hal_cortex.o
 .debug_ranges  0x00000348       0x80 build/stm32f4xx_hal_dma.o
 .debug_ranges  0x000003c8       0x48 build/stm32f4xx_hal_gpio.o
 .debug_ranges  0x00000410      0x2a8 build/stm32f4xx_hal_i2c.o
 .debug_ranges  0x000006b8       0x90 build/stm32f4xx_hal_rcc.o
 .debug_ranges  0x00000748      0x3c0 build/stm32f4xx_hal_tim.o
 .debug_ranges  0x00000b08      0x158 build/stm32f4xx_hal_tim_ex.o
 .debug_ranges  0x00000c60       0x20 build/startup_stm32f407xx.o

.debug_line     0x00000000    0x12cdf
 .debug_line    0x00000000      0x9de build/main.o
 .debug_line    0x000009de      0x436 build/stm32f4xx_hal_msp.o
 .debug_line    0x00000e14      0x432 build/stm32f4xx_it.o
 .debug_line    0x00001246      0x2f6 build/system_stm32f4xx.o
 .debug_line    0x0000153c      0x60d build/stm32f4xx_hal.o
 .debug_line    0x00001b49      0x94d build/stm32f4xx_hal_cortex.o
 .debug_line    0x00002496     0x108b build/stm32f4xx_hal_dma.o
 .debug_line    0x00003521      0x92b build/stm32f4xx_hal_gpio.o
 .debug_line    0x00003e4c     0x5679 build/stm32f4xx_hal_i2c.o
 .debug_line    0x000094c5      0xd1b build/stm32f4xx_hal_rcc.o
 .debug_line    0x0000a1e0     0x683d build/stm32f4xx_hal_tim.o
 .debug_line    0x00010a1d     0x224c build/stm32f4xx_hal_tim_ex.o
 .debug_line    0x00012c69       0x76 build/startup_stm32f407xx.o

.debug_str      0x00000000     0x3f57
 .debug_str     0x00000000     0x1518 build/main.o
                               0x1613 (size before relaxing)
 .debug_str     0x00001518       0xc4 build/stm32f4xx_hal_msp.o
                               0x11a6 (size before relaxing)
 .debug_str     0x000015dc      0x191 build/stm32f4xx_it.o
                                0xbd7 (size before relaxing)
 .debug_str     0x0000176d       0xac build/system_stm32f4xx.o
                                0x42e (size before relaxing)
 .debug_str     0x00001819      0x2b6 build/stm32f4xx_hal.o
                                0xbce (size before relaxing)
 .debug_str     0x00001acf      0x423 build/stm32f4xx_hal_cortex.o
                                0xd21 (size before relaxing)
 .debug_str     0x00001ef2      0x311 build/stm32f4xx_hal_dma.o
                                0x859 (size before relaxing)
 .debug_str     0x00002203       0xf9 build/stm32f4xx_hal_gpio.o
                                0x5d3 (size before relaxing)
 .debug_str     0x000022fc      0x87b build/stm32f4xx_hal_i2c.o
                               0x1113 (size before relaxing)
 .debug_str     0x00002b77      0x170 build/stm32f4xx_hal_rcc.o
                                0x7b1 (size before relaxing)
 .debug_str     0x00002ce7      0xddd build/stm32f4xx_hal_tim.o
                               0x17be (size before relaxing)
 .debug_str     0x00003ac4      0x46f build/stm32f4xx_hal_tim_ex.o
                                0xfbf (size before relaxing)
 .debug_str     0x00003f33       0x24 build/startup_stm32f407xx.o
                                 0x5d (size before relaxing)

.comment        0x00000000       0x79
 .comment       0x00000000       0x79 build/main.o
                                 0x7a (size before relaxing)
 .comment       0x00000079       0x7a build/stm32f4xx_hal_msp.o
 .comment       0x00000079       0x7a build/stm32f4xx_it.o
 .comment       0x00000079       0x7a build/system_stm32f4xx.o
 .comment       0x00000079       0x7a build/stm32f4xx_hal.o
 .comment       0x00000079       0x7a build/stm32f4xx_hal_cortex.o
 .comment       0x00000079       0x7a build/stm32f4xx_hal_dma.o
 .comment       0x00000079       0x7a build/stm32f4xx_hal_gpio.o
 .comment       0x00000079       0x7a build/stm32f4xx_hal_i2c.o
 .comment       0x00000079       0x7a build/stm32f4xx_hal_rcc.o
 .comment       0x00000079       0x7a build/stm32f4xx_hal_tim.o
 .comment       0x00000079       0x7a build/stm32f4xx_hal_tim_ex.o

.debug_frame    0x00000000     0x2a58
 .debug_frame   0x00000000      0x17c build/main.o
 .debug_frame   0x0000017c       0xd0 build/stm32f4xx_hal_msp.o
 .debug_frame   0x0000024c      0x158 build/stm32f4xx_it.o
 .debug_frame   0x000003a4       0x30 build/system_stm32f4xx.o
 .debug_frame   0x000003d4      0x204 build/stm32f4xx_hal.o
 .debug_frame   0x000005d8      0x1d0 build/stm32f4xx_hal_cortex.o
 .debug_frame   0x000007a8      0x1c8 build/stm32f4xx_hal_dma.o
 .debug_frame   0x00000970      0x11c build/stm32f4xx_hal_gpio.o
 .debug_frame   0x00000a8c      0xad0 build/stm32f4xx_hal_i2c.o
 .debug_frame   0x0000155c      0x1ac build/stm32f4xx_hal_rcc.o
 .debug_frame   0x00001708      0xd80 build/stm32f4xx_hal_tim.o
 .debug_frame   0x00002488      0x524 build/stm32f4xx_hal_tim_ex.o
 .debug_frame   0x000029ac       0x2c c:/users/84886/desktop/project stm32/tool/arm-gnu-toolchain-12.2.mpacbti-rel1-mingw-w64-i686-arm-none-eabi/bin/../lib/gcc/arm-none-eabi/9.2.1/../../../../arm-none-eabi/lib/thumb/v7e-m+fp/hard\libc_nano.a(lib_a-init.o)
 .debug_frame   0x000029d8       0x20 c:/users/84886/desktop/project stm32/tool/arm-gnu-toolchain-12.2.mpacbti-rel1-mingw-w64-i686-arm-none-eabi/bin/../lib/gcc/arm-none-eabi/9.2.1/../../../../arm-none-eabi/lib/thumb/v7e-m+fp/hard\libc_nano.a(lib_a-memset.o)
 .debug_frame   0x000029f8       0x2c c:/users/84886/desktop/project stm32/tool/arm-gnu-toolchain-12.2.mpacbti-rel1-mingw-w64-i686-arm-none-eabi/bin/../lib/gcc/arm-none-eabi/9.2.1/thumb/v7e-m+fp/hard\libgcc.a(_aeabi_uldivmod.o)
 .debug_frame   0x00002a24       0x34 c:/users/84886/desktop/project stm32/tool/arm-gnu-toolchain-12.2.mpacbti-rel1-mingw-w64-i686-arm-none-eabi/bin/../lib/gcc/arm-none-eabi/9.2.1/thumb/v7e-m+fp/hard\libgcc.a(_udivmoddi4.o)

Cross Reference Table

Symbol                                            File
ADC_IRQHandler                                    build/startup_stm32f407xx.o
AHBPrescTable                                     build/system_stm32f4xx.o
                                                  build/stm32f4xx_hal_rcc.o
APBPrescTable                                     build/system_stm32f4xx.o
                                                  build/stm32f4xx_hal_rcc.o
AS5600_GetAngle                                   build/as5600.o
AS5600_GetRawAngle                                build/as5600.o
AS5600_GetStatus                                  build/as5600.o
AS5600_ReadReg                                    build/as5600.o
AS5600_SetHystheresis                             build/as5600.o
AS5600_SetOutputStage                             build/as5600.o
AS5600_SetPWMFreq                                 build/as5600.o
AS5600_WriteReg                                   build/as5600.o
BusFault_Handler                                  build/stm32f4xx_it.o
Buzzer_Beep                                       build/main.o
CAN1_RX0_IRQHandler                               build/startup_stm32f407xx.o
CAN1_RX1_IRQHandler                               build/startup_stm32f407xx.o
CAN1_SCE_IRQHandler                               build/startup_stm32f407xx.o
CAN1_TX_IRQHandler                                build/startup_stm32f407xx.o
CAN2_RX0_IRQHandler                               build/startup_stm32f407xx.o
CAN2_RX1_IRQHandler                               build/startup_stm32f407xx.o
CAN2_SCE_IRQHandler                               build/startup_stm32f407xx.o
CAN2_TX_IRQHandler                                build/startup_stm32f407xx.o
Calculate_Step_Init                               build/main.o
Count_Pulse                                       build/main.o
DCMI_IRQHandler                                   build/startup_stm32f407xx.o
DMA1_Stream0_IRQHandler                           build/startup_stm32f407xx.o
DMA1_Stream1_IRQHandler                           build/startup_stm32f407xx.o
DMA1_Stream2_IRQHandler                           build/startup_stm32f407xx.o
DMA1_Stream3_IRQHandler                           build/startup_stm32f407xx.o
DMA1_Stream4_IRQHandler                           build/startup_stm32f407xx.o
DMA1_Stream5_IRQHandler                           build/startup_stm32f407xx.o
DMA1_Stream6_IRQHandler                           build/startup_stm32f407xx.o
DMA1_Stream7_IRQHandler                           build/startup_stm32f407xx.o
DMA2_Stream0_IRQHandler                           build/startup_stm32f407xx.o
DMA2_Stream1_IRQHandler                           build/startup_stm32f407xx.o
DMA2_Stream2_IRQHandler                           build/startup_stm32f407xx.o
DMA2_Stream3_IRQHandler                           build/startup_stm32f407xx.o
DMA2_Stream4_IRQHandler                           build/startup_stm32f407xx.o
DMA2_Stream5_IRQHandler                           build/startup_stm32f407xx.o
DMA2_Stream6_IRQHandler                           build/startup_stm32f407xx.o
DMA2_Stream7_IRQHandler                           build/startup_stm32f407xx.o
DebugMon_Handler                                  build/stm32f4xx_it.o
Default_Handler                                   build/startup_stm32f407xx.o
ETH_IRQHandler                                    build/startup_stm32f407xx.o
ETH_WKUP_IRQHandler                               build/startup_stm32f407xx.o
EXTI0_IRQHandler                                  build/startup_stm32f407xx.o
EXTI15_10_IRQHandler                              build/stm32f4xx_it.o
EXTI1_IRQHandler                                  build/startup_stm32f407xx.o
EXTI2_IRQHandler                                  build/startup_stm32f407xx.o
EXTI3_IRQHandler                                  build/startup_stm32f407xx.o
EXTI4_IRQHandler                                  build/startup_stm32f407xx.o
EXTI9_5_IRQHandler                                build/startup_stm32f407xx.o
Error_Handler                                     build/main.o
FLASH_Erase_Sector                                build/stm32f4xx_hal_flash_ex.o
                                                  build/stm32f4xx_hal_flash.o
FLASH_FlushCaches                                 build/stm32f4xx_hal_flash_ex.o
                                                  build/stm32f4xx_hal_flash.o
FLASH_IRQHandler                                  build/startup_stm32f407xx.o
FLASH_WaitForLastOperation                        build/stm32f4xx_hal_flash.o
                                                  build/stm32f4xx_hal_flash_ex.o
FPU_IRQHandler                                    build/stm32f4xx_it.o
FSMC_IRQHandler                                   build/startup_stm32f407xx.o
HAL_DBGMCU_DisableDBGSleepMode                    build/stm32f4xx_hal.o
HAL_DBGMCU_DisableDBGStandbyMode                  build/stm32f4xx_hal.o
HAL_DBGMCU_DisableDBGStopMode                     build/stm32f4xx_hal.o
HAL_DBGMCU_EnableDBGSleepMode                     build/stm32f4xx_hal.o
HAL_DBGMCU_EnableDBGStandbyMode                   build/stm32f4xx_hal.o
HAL_DBGMCU_EnableDBGStopMode                      build/stm32f4xx_hal.o
HAL_DMAEx_ChangeMemory                            build/stm32f4xx_hal_dma_ex.o
HAL_DMAEx_MultiBufferStart                        build/stm32f4xx_hal_dma_ex.o
HAL_DMAEx_MultiBufferStart_IT                     build/stm32f4xx_hal_dma_ex.o
HAL_DMA_Abort                                     build/stm32f4xx_hal_dma.o
HAL_DMA_Abort_IT                                  build/stm32f4xx_hal_dma.o
                                                  build/stm32f4xx_hal_tim_ex.o
                                                  build/stm32f4xx_hal_tim.o
                                                  build/stm32f4xx_hal_i2c.o
HAL_DMA_DeInit                                    build/stm32f4xx_hal_dma.o
HAL_DMA_GetError                                  build/stm32f4xx_hal_dma.o
                                                  build/stm32f4xx_hal_i2c.o
HAL_DMA_GetState                                  build/stm32f4xx_hal_dma.o
                                                  build/stm32f4xx_hal_i2c.o
HAL_DMA_IRQHandler                                build/stm32f4xx_hal_dma.o
HAL_DMA_Init                                      build/stm32f4xx_hal_dma.o
HAL_DMA_PollForTransfer                           build/stm32f4xx_hal_dma.o
HAL_DMA_RegisterCallback                          build/stm32f4xx_hal_dma.o
HAL_DMA_Start                                     build/stm32f4xx_hal_dma.o
HAL_DMA_Start_IT                                  build/stm32f4xx_hal_dma.o
                                                  build/stm32f4xx_hal_tim_ex.o
                                                  build/stm32f4xx_hal_tim.o
                                                  build/stm32f4xx_hal_i2c.o
HAL_DMA_UnRegisterCallback                        build/stm32f4xx_hal_dma.o
HAL_DeInit                                        build/stm32f4xx_hal.o
HAL_Delay                                         build/stm32f4xx_hal.o
                                                  build/main.o
HAL_DisableCompensationCell                       build/stm32f4xx_hal.o
HAL_EXTI_ClearConfigLine                          build/stm32f4xx_hal_exti.o
HAL_EXTI_ClearPending                             build/stm32f4xx_hal_exti.o
HAL_EXTI_GenerateSWI                              build/stm32f4xx_hal_exti.o
HAL_EXTI_GetConfigLine                            build/stm32f4xx_hal_exti.o
HAL_EXTI_GetHandle                                build/stm32f4xx_hal_exti.o
HAL_EXTI_GetPending                               build/stm32f4xx_hal_exti.o
HAL_EXTI_IRQHandler                               build/stm32f4xx_hal_exti.o
HAL_EXTI_RegisterCallback                         build/stm32f4xx_hal_exti.o
HAL_EXTI_SetConfigLine                            build/stm32f4xx_hal_exti.o
HAL_EnableCompensationCell                        build/stm32f4xx_hal.o
HAL_FLASHEx_Erase                                 build/stm32f4xx_hal_flash_ex.o
HAL_FLASHEx_Erase_IT                              build/stm32f4xx_hal_flash_ex.o
HAL_FLASHEx_OBGetConfig                           build/stm32f4xx_hal_flash_ex.o
HAL_FLASHEx_OBProgram                             build/stm32f4xx_hal_flash_ex.o
HAL_FLASH_EndOfOperationCallback                  build/stm32f4xx_hal_flash.o
HAL_FLASH_GetError                                build/stm32f4xx_hal_flash.o
HAL_FLASH_IRQHandler                              build/stm32f4xx_hal_flash.o
HAL_FLASH_Lock                                    build/stm32f4xx_hal_flash.o
HAL_FLASH_OB_Launch                               build/stm32f4xx_hal_flash.o
HAL_FLASH_OB_Lock                                 build/stm32f4xx_hal_flash.o
HAL_FLASH_OB_Unlock                               build/stm32f4xx_hal_flash.o
HAL_FLASH_OperationErrorCallback                  build/stm32f4xx_hal_flash.o
HAL_FLASH_Program                                 build/stm32f4xx_hal_flash.o
HAL_FLASH_Program_IT                              build/stm32f4xx_hal_flash.o
HAL_FLASH_Unlock                                  build/stm32f4xx_hal_flash.o
HAL_GPIO_DeInit                                   build/stm32f4xx_hal_gpio.o
                                                  build/stm32f4xx_hal_msp.o
HAL_GPIO_EXTI_Callback                            build/stm32f4xx_hal_gpio.o
HAL_GPIO_EXTI_IRQHandler                          build/stm32f4xx_hal_gpio.o
                                                  build/stm32f4xx_it.o
HAL_GPIO_Init                                     build/stm32f4xx_hal_gpio.o
                                                  build/stm32f4xx_hal_rcc.o
                                                  build/stm32f4xx_hal_msp.o
                                                  build/main.o
HAL_GPIO_LockPin                                  build/stm32f4xx_hal_gpio.o
HAL_GPIO_ReadPin                                  build/stm32f4xx_hal_gpio.o
HAL_GPIO_TogglePin                                build/stm32f4xx_hal_gpio.o
                                                  build/main.o
HAL_GPIO_WritePin                                 build/stm32f4xx_hal_gpio.o
                                                  build/main.o
HAL_GetDEVID                                      build/stm32f4xx_hal.o
HAL_GetHalVersion                                 build/stm32f4xx_hal.o
HAL_GetREVID                                      build/stm32f4xx_hal.o
HAL_GetTick                                       build/stm32f4xx_hal.o
                                                  build/stm32f4xx_hal_rcc_ex.o
                                                  build/stm32f4xx_hal_rcc.o
                                                  build/stm32f4xx_hal_pwr_ex.o
                                                  build/stm32f4xx_hal_i2c.o
                                                  build/stm32f4xx_hal_flash.o
                                                  build/stm32f4xx_hal_dma.o
HAL_GetTickFreq                                   build/stm32f4xx_hal.o
HAL_GetTickPrio                                   build/stm32f4xx_hal.o
HAL_GetUIDw0                                      build/stm32f4xx_hal.o
HAL_GetUIDw1                                      build/stm32f4xx_hal.o
HAL_GetUIDw2                                      build/stm32f4xx_hal.o
HAL_I2C_AbortCpltCallback                         build/stm32f4xx_hal_i2c.o
HAL_I2C_AddrCallback                              build/stm32f4xx_hal_i2c.o
HAL_I2C_DeInit                                    build/stm32f4xx_hal_i2c.o
HAL_I2C_DisableListen_IT                          build/stm32f4xx_hal_i2c.o
HAL_I2C_ER_IRQHandler                             build/stm32f4xx_hal_i2c.o
                                                  build/stm32f4xx_it.o
HAL_I2C_EV_IRQHandler                             build/stm32f4xx_hal_i2c.o
                                                  build/stm32f4xx_it.o
HAL_I2C_EnableListen_IT                           build/stm32f4xx_hal_i2c.o
HAL_I2C_ErrorCallback                             build/stm32f4xx_hal_i2c.o
HAL_I2C_GetError                                  build/stm32f4xx_hal_i2c.o
HAL_I2C_GetMode                                   build/stm32f4xx_hal_i2c.o
HAL_I2C_GetState                                  build/stm32f4xx_hal_i2c.o
HAL_I2C_Init                                      build/stm32f4xx_hal_i2c.o
                                                  build/main.o
HAL_I2C_IsDeviceReady                             build/stm32f4xx_hal_i2c.o
HAL_I2C_ListenCpltCallback                        build/stm32f4xx_hal_i2c.o
HAL_I2C_MasterRxCpltCallback                      build/stm32f4xx_hal_i2c.o
HAL_I2C_MasterTxCpltCallback                      build/stm32f4xx_hal_i2c.o
HAL_I2C_Master_Abort_IT                           build/stm32f4xx_hal_i2c.o
HAL_I2C_Master_Receive                            build/stm32f4xx_hal_i2c.o
HAL_I2C_Master_Receive_DMA                        build/stm32f4xx_hal_i2c.o
HAL_I2C_Master_Receive_IT                         build/stm32f4xx_hal_i2c.o
HAL_I2C_Master_Seq_Receive_DMA                    build/stm32f4xx_hal_i2c.o
HAL_I2C_Master_Seq_Receive_IT                     build/stm32f4xx_hal_i2c.o
HAL_I2C_Master_Seq_Transmit_DMA                   build/stm32f4xx_hal_i2c.o
HAL_I2C_Master_Seq_Transmit_IT                    build/stm32f4xx_hal_i2c.o
HAL_I2C_Master_Transmit                           build/stm32f4xx_hal_i2c.o
                                                  build/as5600.o
HAL_I2C_Master_Transmit_DMA                       build/stm32f4xx_hal_i2c.o
HAL_I2C_Master_Transmit_IT                        build/stm32f4xx_hal_i2c.o
HAL_I2C_MemRxCpltCallback                         build/stm32f4xx_hal_i2c.o
HAL_I2C_MemTxCpltCallback                         build/stm32f4xx_hal_i2c.o
HAL_I2C_Mem_Read                                  build/stm32f4xx_hal_i2c.o
                                                  build/as5600.o
HAL_I2C_Mem_Read_DMA                              build/stm32f4xx_hal_i2c.o
HAL_I2C_Mem_Read_IT                               build/stm32f4xx_hal_i2c.o
HAL_I2C_Mem_Write                                 build/stm32f4xx_hal_i2c.o
                                                  build/as5600.o
HAL_I2C_Mem_Write_DMA                             build/stm32f4xx_hal_i2c.o
HAL_I2C_Mem_Write_IT                              build/stm32f4xx_hal_i2c.o
HAL_I2C_MspDeInit                                 build/stm32f4xx_hal_msp.o
HAL_I2C_MspInit                                   build/stm32f4xx_hal_msp.o
HAL_I2C_SlaveRxCpltCallback                       build/stm32f4xx_hal_i2c.o
HAL_I2C_SlaveTxCpltCallback                       build/stm32f4xx_hal_i2c.o
HAL_I2C_Slave_Receive                             build/stm32f4xx_hal_i2c.o
HAL_I2C_Slave_Receive_DMA                         build/stm32f4xx_hal_i2c.o
HAL_I2C_Slave_Receive_IT                          build/stm32f4xx_hal_i2c.o
HAL_I2C_Slave_Seq_Receive_DMA                     build/stm32f4xx_hal_i2c.o
HAL_I2C_Slave_Seq_Receive_IT                      build/stm32f4xx_hal_i2c.o
HAL_I2C_Slave_Seq_Transmit_DMA                    build/stm32f4xx_hal_i2c.o
HAL_I2C_Slave_Seq_Transmit_IT                     build/stm32f4xx_hal_i2c.o
HAL_I2C_Slave_Transmit                            build/stm32f4xx_hal_i2c.o
HAL_I2C_Slave_Transmit_DMA                        build/stm32f4xx_hal_i2c.o
HAL_I2C_Slave_Transmit_IT                         build/stm32f4xx_hal_i2c.o
HAL_IncTick                                       build/stm32f4xx_hal.o
                                                  build/stm32f4xx_it.o
HAL_Init                                          build/stm32f4xx_hal.o
                                                  build/main.o
HAL_InitTick                                      build/stm32f4xx_hal.o
                                                  build/stm32f4xx_hal_rcc_ex.o
                                                  build/stm32f4xx_hal_rcc.o
HAL_MPU_ConfigRegion                              build/stm32f4xx_hal_cortex.o
HAL_MPU_Disable                                   build/stm32f4xx_hal_cortex.o
HAL_MPU_Enable                                    build/stm32f4xx_hal_cortex.o
HAL_MspDeInit                                     build/stm32f4xx_hal.o
HAL_MspInit                                       build/stm32f4xx_hal_msp.o
HAL_NVIC_ClearPendingIRQ                          build/stm32f4xx_hal_cortex.o
HAL_NVIC_DisableIRQ                               build/stm32f4xx_hal_cortex.o
                                                  build/stm32f4xx_hal_msp.o
HAL_NVIC_EnableIRQ                                build/stm32f4xx_hal_cortex.o
                                                  build/stm32f4xx_hal_msp.o
                                                  build/main.o
HAL_NVIC_GetActive                                build/stm32f4xx_hal_cortex.o
HAL_NVIC_GetPendingIRQ                            build/stm32f4xx_hal_cortex.o
HAL_NVIC_GetPriority                              build/stm32f4xx_hal_cortex.o
HAL_NVIC_GetPriorityGrouping                      build/stm32f4xx_hal_cortex.o
HAL_NVIC_SetPendingIRQ                            build/stm32f4xx_hal_cortex.o
HAL_NVIC_SetPriority                              build/stm32f4xx_hal_cortex.o
                                                  build/stm32f4xx_hal.o
                                                  build/stm32f4xx_hal_msp.o
                                                  build/main.o
HAL_NVIC_SetPriorityGrouping                      build/stm32f4xx_hal_cortex.o
                                                  build/stm32f4xx_hal.o
                                                  build/stm32f4xx_hal_msp.o
HAL_NVIC_SystemReset                              build/stm32f4xx_hal_cortex.o
HAL_PWREx_ControlVoltageScaling                   build/stm32f4xx_hal_pwr_ex.o
HAL_PWREx_DisableBkUpReg                          build/stm32f4xx_hal_pwr_ex.o
HAL_PWREx_DisableFlashPowerDown                   build/stm32f4xx_hal_pwr_ex.o
HAL_PWREx_EnableBkUpReg                           build/stm32f4xx_hal_pwr_ex.o
HAL_PWREx_EnableFlashPowerDown                    build/stm32f4xx_hal_pwr_ex.o
HAL_PWREx_GetVoltageRange                         build/stm32f4xx_hal_pwr_ex.o
HAL_PWR_ConfigPVD                                 build/stm32f4xx_hal_pwr.o
HAL_PWR_DeInit                                    build/stm32f4xx_hal_pwr.o
HAL_PWR_DisableBkUpAccess                         build/stm32f4xx_hal_pwr.o
HAL_PWR_DisablePVD                                build/stm32f4xx_hal_pwr.o
HAL_PWR_DisableSEVOnPend                          build/stm32f4xx_hal_pwr.o
HAL_PWR_DisableSleepOnExit                        build/stm32f4xx_hal_pwr.o
HAL_PWR_DisableWakeUpPin                          build/stm32f4xx_hal_pwr.o
HAL_PWR_EnableBkUpAccess                          build/stm32f4xx_hal_pwr.o
HAL_PWR_EnablePVD                                 build/stm32f4xx_hal_pwr.o
HAL_PWR_EnableSEVOnPend                           build/stm32f4xx_hal_pwr.o
HAL_PWR_EnableSleepOnExit                         build/stm32f4xx_hal_pwr.o
HAL_PWR_EnableWakeUpPin                           build/stm32f4xx_hal_pwr.o
HAL_PWR_EnterSLEEPMode                            build/stm32f4xx_hal_pwr.o
HAL_PWR_EnterSTANDBYMode                          build/stm32f4xx_hal_pwr.o
HAL_PWR_EnterSTOPMode                             build/stm32f4xx_hal_pwr.o
HAL_PWR_PVDCallback                               build/stm32f4xx_hal_pwr.o
HAL_PWR_PVD_IRQHandler                            build/stm32f4xx_hal_pwr.o
HAL_RCCEx_DisablePLLI2S                           build/stm32f4xx_hal_rcc_ex.o
HAL_RCCEx_EnablePLLI2S                            build/stm32f4xx_hal_rcc_ex.o
HAL_RCCEx_GetPeriphCLKConfig                      build/stm32f4xx_hal_rcc_ex.o
HAL_RCCEx_GetPeriphCLKFreq                        build/stm32f4xx_hal_rcc_ex.o
HAL_RCCEx_PeriphCLKConfig                         build/stm32f4xx_hal_rcc_ex.o
HAL_RCC_CSSCallback                               build/stm32f4xx_hal_rcc.o
HAL_RCC_ClockConfig                               build/stm32f4xx_hal_rcc.o
                                                  build/main.o
HAL_RCC_DeInit                                    build/stm32f4xx_hal_rcc_ex.o
                                                  build/stm32f4xx_hal_rcc.o
HAL_RCC_DisableCSS                                build/stm32f4xx_hal_rcc.o
HAL_RCC_EnableCSS                                 build/stm32f4xx_hal_rcc.o
HAL_RCC_GetClockConfig                            build/stm32f4xx_hal_rcc.o
HAL_RCC_GetHCLKFreq                               build/stm32f4xx_hal_rcc.o
HAL_RCC_GetOscConfig                              build/stm32f4xx_hal_rcc.o
HAL_RCC_GetPCLK1Freq                              build/stm32f4xx_hal_rcc.o
                                                  build/stm32f4xx_hal_i2c.o
HAL_RCC_GetPCLK2Freq                              build/stm32f4xx_hal_rcc.o
HAL_RCC_GetSysClockFreq                           build/stm32f4xx_hal_rcc.o
HAL_RCC_MCOConfig                                 build/stm32f4xx_hal_rcc.o
HAL_RCC_NMI_IRQHandler                            build/stm32f4xx_hal_rcc.o
HAL_RCC_OscConfig                                 build/stm32f4xx_hal_rcc.o
                                                  build/main.o
HAL_ResumeTick                                    build/stm32f4xx_hal.o
HAL_SYSTICK_CLKSourceConfig                       build/stm32f4xx_hal_cortex.o
HAL_SYSTICK_Callback                              build/stm32f4xx_hal_cortex.o
HAL_SYSTICK_Config                                build/stm32f4xx_hal_cortex.o
                                                  build/stm32f4xx_hal.o
HAL_SYSTICK_IRQHandler                            build/stm32f4xx_hal_cortex.o
HAL_SetTickFreq                                   build/stm32f4xx_hal.o
HAL_SuspendTick                                   build/stm32f4xx_hal.o
HAL_TIMEx_BreakCallback                           build/stm32f4xx_hal_tim_ex.o
                                                  build/stm32f4xx_hal_tim.o
HAL_TIMEx_CommutCallback                          build/stm32f4xx_hal_tim_ex.o
                                                  build/stm32f4xx_hal_tim.o
HAL_TIMEx_CommutHalfCpltCallback                  build/stm32f4xx_hal_tim_ex.o
HAL_TIMEx_ConfigBreakDeadTime                     build/stm32f4xx_hal_tim_ex.o
                                                  build/main.o
HAL_TIMEx_ConfigCommutEvent                       build/stm32f4xx_hal_tim_ex.o
HAL_TIMEx_ConfigCommutEvent_DMA                   build/stm32f4xx_hal_tim_ex.o
HAL_TIMEx_ConfigCommutEvent_IT                    build/stm32f4xx_hal_tim_ex.o
HAL_TIMEx_GetChannelNState                        build/stm32f4xx_hal_tim_ex.o
HAL_TIMEx_HallSensor_DeInit                       build/stm32f4xx_hal_tim_ex.o
HAL_TIMEx_HallSensor_GetState                     build/stm32f4xx_hal_tim_ex.o
HAL_TIMEx_HallSensor_Init                         build/stm32f4xx_hal_tim_ex.o
HAL_TIMEx_HallSensor_MspDeInit                    build/stm32f4xx_hal_tim_ex.o
HAL_TIMEx_HallSensor_MspInit                      build/stm32f4xx_hal_tim_ex.o
HAL_TIMEx_HallSensor_Start                        build/stm32f4xx_hal_tim_ex.o
HAL_TIMEx_HallSensor_Start_DMA                    build/stm32f4xx_hal_tim_ex.o
HAL_TIMEx_HallSensor_Start_IT                     build/stm32f4xx_hal_tim_ex.o
HAL_TIMEx_HallSensor_Stop                         build/stm32f4xx_hal_tim_ex.o
HAL_TIMEx_HallSensor_Stop_DMA                     build/stm32f4xx_hal_tim_ex.o
HAL_TIMEx_HallSensor_Stop_IT                      build/stm32f4xx_hal_tim_ex.o
HAL_TIMEx_MasterConfigSynchronization             build/stm32f4xx_hal_tim_ex.o
                                                  build/main.o
HAL_TIMEx_OCN_Start                               build/stm32f4xx_hal_tim_ex.o
HAL_TIMEx_OCN_Start_DMA                           build/stm32f4xx_hal_tim_ex.o
HAL_TIMEx_OCN_Start_IT                            build/stm32f4xx_hal_tim_ex.o
HAL_TIMEx_OCN_Stop                                build/stm32f4xx_hal_tim_ex.o
HAL_TIMEx_OCN_Stop_DMA                            build/stm32f4xx_hal_tim_ex.o
HAL_TIMEx_OCN_Stop_IT                             build/stm32f4xx_hal_tim_ex.o
HAL_TIMEx_OnePulseN_Start                         build/stm32f4xx_hal_tim_ex.o
HAL_TIMEx_OnePulseN_Start_IT                      build/stm32f4xx_hal_tim_ex.o
HAL_TIMEx_OnePulseN_Stop                          build/stm32f4xx_hal_tim_ex.o
HAL_TIMEx_OnePulseN_Stop_IT                       build/stm32f4xx_hal_tim_ex.o
HAL_TIMEx_PWMN_Start                              build/stm32f4xx_hal_tim_ex.o
HAL_TIMEx_PWMN_Start_DMA                          build/stm32f4xx_hal_tim_ex.o
HAL_TIMEx_PWMN_Start_IT                           build/stm32f4xx_hal_tim_ex.o
HAL_TIMEx_PWMN_Stop                               build/stm32f4xx_hal_tim_ex.o
HAL_TIMEx_PWMN_Stop_DMA                           build/stm32f4xx_hal_tim_ex.o
HAL_TIMEx_PWMN_Stop_IT                            build/stm32f4xx_hal_tim_ex.o
HAL_TIMEx_RemapConfig                             build/stm32f4xx_hal_tim_ex.o
HAL_TIM_Base_DeInit                               build/stm32f4xx_hal_tim.o
HAL_TIM_Base_GetState                             build/stm32f4xx_hal_tim.o
HAL_TIM_Base_Init                                 build/stm32f4xx_hal_tim.o
HAL_TIM_Base_MspDeInit                            build/stm32f4xx_hal_tim.o
HAL_TIM_Base_MspInit                              build/stm32f4xx_hal_tim.o
HAL_TIM_Base_Start                                build/stm32f4xx_hal_tim.o
HAL_TIM_Base_Start_DMA                            build/stm32f4xx_hal_tim.o
HAL_TIM_Base_Start_IT                             build/stm32f4xx_hal_tim.o
                                                  build/main.o
HAL_TIM_Base_Stop                                 build/stm32f4xx_hal_tim.o
HAL_TIM_Base_Stop_DMA                             build/stm32f4xx_hal_tim.o
HAL_TIM_Base_Stop_IT                              build/stm32f4xx_hal_tim.o
HAL_TIM_ConfigClockSource                         build/stm32f4xx_hal_tim.o
HAL_TIM_ConfigOCrefClear                          build/stm32f4xx_hal_tim.o
HAL_TIM_ConfigTI1Input                            build/stm32f4xx_hal_tim.o
HAL_TIM_DMABurstState                             build/stm32f4xx_hal_tim.o
HAL_TIM_DMABurst_MultiReadStart                   build/stm32f4xx_hal_tim.o
HAL_TIM_DMABurst_MultiWriteStart                  build/stm32f4xx_hal_tim.o
HAL_TIM_DMABurst_ReadStart                        build/stm32f4xx_hal_tim.o
HAL_TIM_DMABurst_ReadStop                         build/stm32f4xx_hal_tim.o
HAL_TIM_DMABurst_WriteStart                       build/stm32f4xx_hal_tim.o
HAL_TIM_DMABurst_WriteStop                        build/stm32f4xx_hal_tim.o
HAL_TIM_Encoder_DeInit                            build/stm32f4xx_hal_tim.o
HAL_TIM_Encoder_GetState                          build/stm32f4xx_hal_tim.o
HAL_TIM_Encoder_Init                              build/stm32f4xx_hal_tim.o
HAL_TIM_Encoder_MspDeInit                         build/stm32f4xx_hal_tim.o
HAL_TIM_Encoder_MspInit                           build/stm32f4xx_hal_tim.o
HAL_TIM_Encoder_Start                             build/stm32f4xx_hal_tim.o
HAL_TIM_Encoder_Start_DMA                         build/stm32f4xx_hal_tim.o
HAL_TIM_Encoder_Start_IT                          build/stm32f4xx_hal_tim.o
HAL_TIM_Encoder_Stop                              build/stm32f4xx_hal_tim.o
HAL_TIM_Encoder_Stop_DMA                          build/stm32f4xx_hal_tim.o
HAL_TIM_Encoder_Stop_IT                           build/stm32f4xx_hal_tim.o
HAL_TIM_ErrorCallback                             build/stm32f4xx_hal_tim.o
                                                  build/stm32f4xx_hal_tim_ex.o
HAL_TIM_GenerateEvent                             build/stm32f4xx_hal_tim.o
HAL_TIM_GetActiveChannel                          build/stm32f4xx_hal_tim.o
HAL_TIM_GetChannelState                           build/stm32f4xx_hal_tim.o
HAL_TIM_IC_CaptureCallback                        build/stm32f4xx_hal_tim.o
HAL_TIM_IC_CaptureHalfCpltCallback                build/stm32f4xx_hal_tim.o
HAL_TIM_IC_ConfigChannel                          build/stm32f4xx_hal_tim.o
HAL_TIM_IC_DeInit                                 build/stm32f4xx_hal_tim.o
HAL_TIM_IC_GetState                               build/stm32f4xx_hal_tim.o
HAL_TIM_IC_Init                                   build/stm32f4xx_hal_tim.o
HAL_TIM_IC_MspDeInit                              build/stm32f4xx_hal_tim.o
HAL_TIM_IC_MspInit                                build/stm32f4xx_hal_tim.o
HAL_TIM_IC_Start                                  build/stm32f4xx_hal_tim.o
HAL_TIM_IC_Start_DMA                              build/stm32f4xx_hal_tim.o
HAL_TIM_IC_Start_IT                               build/stm32f4xx_hal_tim.o
HAL_TIM_IC_Stop                                   build/stm32f4xx_hal_tim.o
HAL_TIM_IC_Stop_DMA                               build/stm32f4xx_hal_tim.o
HAL_TIM_IC_Stop_IT                                build/stm32f4xx_hal_tim.o
HAL_TIM_IRQHandler                                build/stm32f4xx_hal_tim.o
                                                  build/stm32f4xx_it.o
HAL_TIM_MspPostInit                               build/stm32f4xx_hal_msp.o
                                                  build/main.o
HAL_TIM_OC_ConfigChannel                          build/stm32f4xx_hal_tim.o
HAL_TIM_OC_DeInit                                 build/stm32f4xx_hal_tim.o
HAL_TIM_OC_DelayElapsedCallback                   build/stm32f4xx_hal_tim.o
HAL_TIM_OC_GetState                               build/stm32f4xx_hal_tim.o
HAL_TIM_OC_Init                                   build/stm32f4xx_hal_tim.o
HAL_TIM_OC_MspDeInit                              build/stm32f4xx_hal_tim.o
HAL_TIM_OC_MspInit                                build/stm32f4xx_hal_tim.o
HAL_TIM_OC_Start                                  build/stm32f4xx_hal_tim.o
HAL_TIM_OC_Start_DMA                              build/stm32f4xx_hal_tim.o
HAL_TIM_OC_Start_IT                               build/stm32f4xx_hal_tim.o
HAL_TIM_OC_Stop                                   build/stm32f4xx_hal_tim.o
HAL_TIM_OC_Stop_DMA                               build/stm32f4xx_hal_tim.o
HAL_TIM_OC_Stop_IT                                build/stm32f4xx_hal_tim.o
HAL_TIM_OnePulse_ConfigChannel                    build/stm32f4xx_hal_tim.o
HAL_TIM_OnePulse_DeInit                           build/stm32f4xx_hal_tim.o
HAL_TIM_OnePulse_GetState                         build/stm32f4xx_hal_tim.o
HAL_TIM_OnePulse_Init                             build/stm32f4xx_hal_tim.o
HAL_TIM_OnePulse_MspDeInit                        build/stm32f4xx_hal_tim.o
HAL_TIM_OnePulse_MspInit                          build/stm32f4xx_hal_tim.o
HAL_TIM_OnePulse_Start                            build/stm32f4xx_hal_tim.o
HAL_TIM_OnePulse_Start_IT                         build/stm32f4xx_hal_tim.o
HAL_TIM_OnePulse_Stop                             build/stm32f4xx_hal_tim.o
HAL_TIM_OnePulse_Stop_IT                          build/stm32f4xx_hal_tim.o
HAL_TIM_PWM_ConfigChannel                         build/stm32f4xx_hal_tim.o
                                                  build/main.o
HAL_TIM_PWM_DeInit                                build/stm32f4xx_hal_tim.o
HAL_TIM_PWM_GetState                              build/stm32f4xx_hal_tim.o
HAL_TIM_PWM_Init                                  build/stm32f4xx_hal_tim.o
                                                  build/main.o
HAL_TIM_PWM_MspDeInit                             build/stm32f4xx_hal_msp.o
HAL_TIM_PWM_MspInit                               build/stm32f4xx_hal_msp.o
HAL_TIM_PWM_PulseFinishedCallback                 build/stm32f4xx_hal_tim.o
                                                  build/stm32f4xx_hal_tim_ex.o
HAL_TIM_PWM_PulseFinishedHalfCpltCallback         build/stm32f4xx_hal_tim.o
HAL_TIM_PWM_Start                                 build/stm32f4xx_hal_tim.o
                                                  build/main.o
HAL_TIM_PWM_Start_DMA                             build/stm32f4xx_hal_tim.o
HAL_TIM_PWM_Start_IT                              build/stm32f4xx_hal_tim.o
HAL_TIM_PWM_Stop                                  build/stm32f4xx_hal_tim.o
                                                  build/main.o
HAL_TIM_PWM_Stop_DMA                              build/stm32f4xx_hal_tim.o
HAL_TIM_PWM_Stop_IT                               build/stm32f4xx_hal_tim.o
HAL_TIM_PeriodElapsedCallback                     build/main.o
HAL_TIM_PeriodElapsedHalfCpltCallback             build/stm32f4xx_hal_tim.o
HAL_TIM_ReadCapturedValue                         build/stm32f4xx_hal_tim.o
HAL_TIM_SlaveConfigSynchro                        build/stm32f4xx_hal_tim.o
HAL_TIM_SlaveConfigSynchro_IT                     build/stm32f4xx_hal_tim.o
HAL_TIM_TriggerCallback                           build/stm32f4xx_hal_tim.o
HAL_TIM_TriggerHalfCpltCallback                   build/stm32f4xx_hal_tim.o
HASH_RNG_IRQHandler                               build/startup_stm32f407xx.o
HardFault_Handler                                 build/stm32f4xx_it.o
I2C1_ER_IRQHandler                                build/stm32f4xx_it.o
I2C1_EV_IRQHandler                                build/stm32f4xx_it.o
I2C2_ER_IRQHandler                                build/startup_stm32f407xx.o
I2C2_EV_IRQHandler                                build/startup_stm32f407xx.o
I2C3_ER_IRQHandler                                build/startup_stm32f407xx.o
I2C3_EV_IRQHandler                                build/startup_stm32f407xx.o
MemManage_Handler                                 build/stm32f4xx_it.o
Motor_Init                                        build/main.o
NMI_Handler                                       build/stm32f4xx_it.o
OTG_FS_IRQHandler                                 build/startup_stm32f407xx.o
OTG_FS_WKUP_IRQHandler                            build/startup_stm32f407xx.o
OTG_HS_EP1_IN_IRQHandler                          build/startup_stm32f407xx.o
OTG_HS_EP1_OUT_IRQHandler                         build/startup_stm32f407xx.o
OTG_HS_IRQHandler                                 build/startup_stm32f407xx.o
OTG_HS_WKUP_IRQHandler                            build/startup_stm32f407xx.o
PVD_IRQHandler                                    build/startup_stm32f407xx.o
PWM_Freq                                          build/main.o
PWM_Gen                                           build/main.o
PendSV_Handler                                    build/stm32f4xx_it.o
Pulse_Calib_1                                     build/main.o
Pulse_Calib_2                                     build/main.o
Pulse_Per_Rev_4_R                                 build/main.o
RCC_IRQHandler                                    build/stm32f4xx_it.o
RTC_Alarm_IRQHandler                              build/startup_stm32f407xx.o
RTC_WKUP_IRQHandler                               build/startup_stm32f407xx.o
Reset_Handler                                     build/startup_stm32f407xx.o
SDIO_IRQHandler                                   build/startup_stm32f407xx.o
SPI1_IRQHandler                                   build/startup_stm32f407xx.o
SPI2_IRQHandler                                   build/startup_stm32f407xx.o
SPI3_IRQHandler                                   build/startup_stm32f407xx.o
SVC_Handler                                       build/stm32f4xx_it.o
SysTick_Handler                                   build/stm32f4xx_it.o
SystemClock_Config                                build/main.o
SystemCoreClock                                   build/system_stm32f4xx.o
                                                  build/stm32f4xx_hal_rcc_ex.o
                                                  build/stm32f4xx_hal_rcc.o
                                                  build/stm32f4xx_hal_i2c.o
                                                  build/stm32f4xx_hal_dma.o
                                                  build/stm32f4xx_hal.o
                                                  build/main.o
SystemCoreClockUpdate                             build/system_stm32f4xx.o
SystemInit                                        build/system_stm32f4xx.o
                                                  build/startup_stm32f407xx.o
TAMP_STAMP_IRQHandler                             build/startup_stm32f407xx.o
TIM1_BRK_TIM9_IRQHandler                          build/startup_stm32f407xx.o
TIM1_CC_IRQHandler                                build/startup_stm32f407xx.o
TIM1_TRG_COM_TIM11_IRQHandler                     build/startup_stm32f407xx.o
TIM1_UP_TIM10_IRQHandler                          build/startup_stm32f407xx.o
TIM2_IRQHandler                                   build/startup_stm32f407xx.o
TIM3_IRQHandler                                   build/startup_stm32f407xx.o
TIM4_IRQHandler                                   build/startup_stm32f407xx.o
TIM5_IRQHandler                                   build/startup_stm32f407xx.o
TIM6_DAC_IRQHandler                               build/startup_stm32f407xx.o
TIM7_IRQHandler                                   build/startup_stm32f407xx.o
TIM8_BRK_TIM12_IRQHandler                         build/startup_stm32f407xx.o
TIM8_CC_IRQHandler                                build/stm32f4xx_it.o
TIM8_TRG_COM_TIM14_IRQHandler                     build/startup_stm32f407xx.o
TIM8_UP_TIM13_IRQHandler                          build/stm32f4xx_it.o
TIMEx_DMACommutationCplt                          build/stm32f4xx_hal_tim_ex.o
                                                  build/stm32f4xx_hal_tim.o
TIMEx_DMACommutationHalfCplt                      build/stm32f4xx_hal_tim_ex.o
                                                  build/stm32f4xx_hal_tim.o
TIM_Base_SetConfig                                build/stm32f4xx_hal_tim.o
                                                  build/stm32f4xx_hal_tim_ex.o
TIM_CCxChannelCmd                                 build/stm32f4xx_hal_tim.o
                                                  build/stm32f4xx_hal_tim_ex.o
TIM_DMACaptureCplt                                build/stm32f4xx_hal_tim.o
                                                  build/stm32f4xx_hal_tim_ex.o
TIM_DMACaptureHalfCplt                            build/stm32f4xx_hal_tim.o
                                                  build/stm32f4xx_hal_tim_ex.o
TIM_DMADelayPulseHalfCplt                         build/stm32f4xx_hal_tim.o
                                                  build/stm32f4xx_hal_tim_ex.o
TIM_DMAError                                      build/stm32f4xx_hal_tim.o
                                                  build/stm32f4xx_hal_tim_ex.o
TIM_ETR_SetConfig                                 build/stm32f4xx_hal_tim.o
TIM_OC2_SetConfig                                 build/stm32f4xx_hal_tim.o
                                                  build/stm32f4xx_hal_tim_ex.o
TIM_TI1_SetConfig                                 build/stm32f4xx_hal_tim.o
                                                  build/stm32f4xx_hal_tim_ex.o
UART4_IRQHandler                                  build/startup_stm32f407xx.o
UART5_IRQHandler                                  build/startup_stm32f407xx.o
USART1_IRQHandler                                 build/startup_stm32f407xx.o
USART2_IRQHandler                                 build/startup_stm32f407xx.o
USART3_IRQHandler                                 build/startup_stm32f407xx.o
USART6_IRQHandler                                 build/startup_stm32f407xx.o
UsageFault_Handler                                build/stm32f4xx_it.o
WWDG_IRQHandler                                   build/startup_stm32f407xx.o
__adddf3                                          c:/users/84886/desktop/project stm32/tool/arm-gnu-toolchain-12.2.mpacbti-rel1-mingw-w64-i686-arm-none-eabi/bin/../lib/gcc/arm-none-eabi/9.2.1/thumb/v7e-m+fp/hard\libgcc.a(_arm_addsubdf3.o)
__aeabi_d2uiz                                     c:/users/84886/desktop/project stm32/tool/arm-gnu-toolchain-12.2.mpacbti-rel1-mingw-w64-i686-arm-none-eabi/bin/../lib/gcc/arm-none-eabi/9.2.1/thumb/v7e-m+fp/hard\libgcc.a(_arm_fixunsdfsi.o)
                                                  build/main.o
__aeabi_dadd                                      c:/users/84886/desktop/project stm32/tool/arm-gnu-toolchain-12.2.mpacbti-rel1-mingw-w64-i686-arm-none-eabi/bin/../lib/gcc/arm-none-eabi/9.2.1/thumb/v7e-m+fp/hard\libgcc.a(_arm_addsubdf3.o)
__aeabi_dmul                                      c:/users/84886/desktop/project stm32/tool/arm-gnu-toolchain-12.2.mpacbti-rel1-mingw-w64-i686-arm-none-eabi/bin/../lib/gcc/arm-none-eabi/9.2.1/thumb/v7e-m+fp/hard\libgcc.a(_arm_muldf3.o)
                                                  build/main.o
__aeabi_drsub                                     c:/users/84886/desktop/project stm32/tool/arm-gnu-toolchain-12.2.mpacbti-rel1-mingw-w64-i686-arm-none-eabi/bin/../lib/gcc/arm-none-eabi/9.2.1/thumb/v7e-m+fp/hard\libgcc.a(_arm_addsubdf3.o)
__aeabi_dsub                                      c:/users/84886/desktop/project stm32/tool/arm-gnu-toolchain-12.2.mpacbti-rel1-mingw-w64-i686-arm-none-eabi/bin/../lib/gcc/arm-none-eabi/9.2.1/thumb/v7e-m+fp/hard\libgcc.a(_arm_addsubdf3.o)
__aeabi_f2d                                       c:/users/84886/desktop/project stm32/tool/arm-gnu-toolchain-12.2.mpacbti-rel1-mingw-w64-i686-arm-none-eabi/bin/../lib/gcc/arm-none-eabi/9.2.1/thumb/v7e-m+fp/hard\libgcc.a(_arm_addsubdf3.o)
__aeabi_i2d                                       c:/users/84886/desktop/project stm32/tool/arm-gnu-toolchain-12.2.mpacbti-rel1-mingw-w64-i686-arm-none-eabi/bin/../lib/gcc/arm-none-eabi/9.2.1/thumb/v7e-m+fp/hard\libgcc.a(_arm_addsubdf3.o)
                                                  build/main.o
__aeabi_idiv0                                     c:/users/84886/desktop/project stm32/tool/arm-gnu-toolchain-12.2.mpacbti-rel1-mingw-w64-i686-arm-none-eabi/bin/../lib/gcc/arm-none-eabi/9.2.1/thumb/v7e-m+fp/hard\libgcc.a(_dvmd_tls.o)
__aeabi_l2d                                       c:/users/84886/desktop/project stm32/tool/arm-gnu-toolchain-12.2.mpacbti-rel1-mingw-w64-i686-arm-none-eabi/bin/../lib/gcc/arm-none-eabi/9.2.1/thumb/v7e-m+fp/hard\libgcc.a(_arm_addsubdf3.o)
__aeabi_ldiv0                                     c:/users/84886/desktop/project stm32/tool/arm-gnu-toolchain-12.2.mpacbti-rel1-mingw-w64-i686-arm-none-eabi/bin/../lib/gcc/arm-none-eabi/9.2.1/thumb/v7e-m+fp/hard\libgcc.a(_dvmd_tls.o)
                                                  c:/users/84886/desktop/project stm32/tool/arm-gnu-toolchain-12.2.mpacbti-rel1-mingw-w64-i686-arm-none-eabi/bin/../lib/gcc/arm-none-eabi/9.2.1/thumb/v7e-m+fp/hard\libgcc.a(_aeabi_uldivmod.o)
__aeabi_ui2d                                      c:/users/84886/desktop/project stm32/tool/arm-gnu-toolchain-12.2.mpacbti-rel1-mingw-w64-i686-arm-none-eabi/bin/../lib/gcc/arm-none-eabi/9.2.1/thumb/v7e-m+fp/hard\libgcc.a(_arm_addsubdf3.o)
__aeabi_ul2d                                      c:/users/84886/desktop/project stm32/tool/arm-gnu-toolchain-12.2.mpacbti-rel1-mingw-w64-i686-arm-none-eabi/bin/../lib/gcc/arm-none-eabi/9.2.1/thumb/v7e-m+fp/hard\libgcc.a(_arm_addsubdf3.o)
__aeabi_uldivmod                                  c:/users/84886/desktop/project stm32/tool/arm-gnu-toolchain-12.2.mpacbti-rel1-mingw-w64-i686-arm-none-eabi/bin/../lib/gcc/arm-none-eabi/9.2.1/thumb/v7e-m+fp/hard\libgcc.a(_aeabi_uldivmod.o)
                                                  build/stm32f4xx_hal_rcc.o
__bss_end__                                       c:/users/84886/desktop/project stm32/tool/arm-gnu-toolchain-12.2.mpacbti-rel1-mingw-w64-i686-arm-none-eabi/bin/../lib/gcc/arm-none-eabi/9.2.1/../../../../arm-none-eabi/lib/thumb/v7e-m+fp/hard/crt0.o
__bss_start__                                     c:/users/84886/desktop/project stm32/tool/arm-gnu-toolchain-12.2.mpacbti-rel1-mingw-w64-i686-arm-none-eabi/bin/../lib/gcc/arm-none-eabi/9.2.1/../../../../arm-none-eabi/lib/thumb/v7e-m+fp/hard/crt0.o
__call_exitprocs                                  c:/users/84886/desktop/project stm32/tool/arm-gnu-toolchain-12.2.mpacbti-rel1-mingw-w64-i686-arm-none-eabi/bin/../lib/gcc/arm-none-eabi/9.2.1/../../../../arm-none-eabi/lib/thumb/v7e-m+fp/hard\libc_nano.a(lib_a-exit.o)
__deregister_frame_info                           c:/users/84886/desktop/project stm32/tool/arm-gnu-toolchain-12.2.mpacbti-rel1-mingw-w64-i686-arm-none-eabi/bin/../lib/gcc/arm-none-eabi/9.2.1/thumb/v7e-m+fp/hard/crtbegin.o
__dso_handle                                      c:/users/84886/desktop/project stm32/tool/arm-gnu-toolchain-12.2.mpacbti-rel1-mingw-w64-i686-arm-none-eabi/bin/../lib/gcc/arm-none-eabi/9.2.1/thumb/v7e-m+fp/hard/crtbegin.o
__extendsfdf2                                     c:/users/84886/desktop/project stm32/tool/arm-gnu-toolchain-12.2.mpacbti-rel1-mingw-w64-i686-arm-none-eabi/bin/../lib/gcc/arm-none-eabi/9.2.1/thumb/v7e-m+fp/hard\libgcc.a(_arm_addsubdf3.o)
__fixunsdfsi                                      c:/users/84886/desktop/project stm32/tool/arm-gnu-toolchain-12.2.mpacbti-rel1-mingw-w64-i686-arm-none-eabi/bin/../lib/gcc/arm-none-eabi/9.2.1/thumb/v7e-m+fp/hard\libgcc.a(_arm_fixunsdfsi.o)
__floatdidf                                       c:/users/84886/desktop/project stm32/tool/arm-gnu-toolchain-12.2.mpacbti-rel1-mingw-w64-i686-arm-none-eabi/bin/../lib/gcc/arm-none-eabi/9.2.1/thumb/v7e-m+fp/hard\libgcc.a(_arm_addsubdf3.o)
__floatsidf                                       c:/users/84886/desktop/project stm32/tool/arm-gnu-toolchain-12.2.mpacbti-rel1-mingw-w64-i686-arm-none-eabi/bin/../lib/gcc/arm-none-eabi/9.2.1/thumb/v7e-m+fp/hard\libgcc.a(_arm_addsubdf3.o)
__floatundidf                                     c:/users/84886/desktop/project stm32/tool/arm-gnu-toolchain-12.2.mpacbti-rel1-mingw-w64-i686-arm-none-eabi/bin/../lib/gcc/arm-none-eabi/9.2.1/thumb/v7e-m+fp/hard\libgcc.a(_arm_addsubdf3.o)
__floatunsidf                                     c:/users/84886/desktop/project stm32/tool/arm-gnu-toolchain-12.2.mpacbti-rel1-mingw-w64-i686-arm-none-eabi/bin/../lib/gcc/arm-none-eabi/9.2.1/thumb/v7e-m+fp/hard\libgcc.a(_arm_addsubdf3.o)
__init_array_end                                  c:/users/84886/desktop/project stm32/tool/arm-gnu-toolchain-12.2.mpacbti-rel1-mingw-w64-i686-arm-none-eabi/bin/../lib/gcc/arm-none-eabi/9.2.1/../../../../arm-none-eabi/lib/thumb/v7e-m+fp/hard\libc_nano.a(lib_a-init.o)
__init_array_start                                c:/users/84886/desktop/project stm32/tool/arm-gnu-toolchain-12.2.mpacbti-rel1-mingw-w64-i686-arm-none-eabi/bin/../lib/gcc/arm-none-eabi/9.2.1/../../../../arm-none-eabi/lib/thumb/v7e-m+fp/hard\libc_nano.a(lib_a-init.o)
__libc_fini_array                                 c:/users/84886/desktop/project stm32/tool/arm-gnu-toolchain-12.2.mpacbti-rel1-mingw-w64-i686-arm-none-eabi/bin/../lib/gcc/arm-none-eabi/9.2.1/../../../../arm-none-eabi/lib/thumb/v7e-m+fp/hard/crt0.o
__libc_init_array                                 c:/users/84886/desktop/project stm32/tool/arm-gnu-toolchain-12.2.mpacbti-rel1-mingw-w64-i686-arm-none-eabi/bin/../lib/gcc/arm-none-eabi/9.2.1/../../../../arm-none-eabi/lib/thumb/v7e-m+fp/hard\libc_nano.a(lib_a-init.o)
                                                  build/startup_stm32f407xx.o
                                                  c:/users/84886/desktop/project stm32/tool/arm-gnu-toolchain-12.2.mpacbti-rel1-mingw-w64-i686-arm-none-eabi/bin/../lib/gcc/arm-none-eabi/9.2.1/../../../../arm-none-eabi/lib/thumb/v7e-m+fp/hard/crt0.o
__muldf3                                          c:/users/84886/desktop/project stm32/tool/arm-gnu-toolchain-12.2.mpacbti-rel1-mingw-w64-i686-arm-none-eabi/bin/../lib/gcc/arm-none-eabi/9.2.1/thumb/v7e-m+fp/hard\libgcc.a(_arm_muldf3.o)
__preinit_array_end                               c:/users/84886/desktop/project stm32/tool/arm-gnu-toolchain-12.2.mpacbti-rel1-mingw-w64-i686-arm-none-eabi/bin/../lib/gcc/arm-none-eabi/9.2.1/../../../../arm-none-eabi/lib/thumb/v7e-m+fp/hard\libc_nano.a(lib_a-init.o)
__preinit_array_start                             c:/users/84886/desktop/project stm32/tool/arm-gnu-toolchain-12.2.mpacbti-rel1-mingw-w64-i686-arm-none-eabi/bin/../lib/gcc/arm-none-eabi/9.2.1/../../../../arm-none-eabi/lib/thumb/v7e-m+fp/hard\libc_nano.a(lib_a-init.o)
__register_frame_info                             c:/users/84886/desktop/project stm32/tool/arm-gnu-toolchain-12.2.mpacbti-rel1-mingw-w64-i686-arm-none-eabi/bin/../lib/gcc/arm-none-eabi/9.2.1/thumb/v7e-m+fp/hard/crtbegin.o
__sf_fake_stderr                                  c:/users/84886/desktop/project stm32/tool/arm-gnu-toolchain-12.2.mpacbti-rel1-mingw-w64-i686-arm-none-eabi/bin/../lib/gcc/arm-none-eabi/9.2.1/../../../../arm-none-eabi/lib/thumb/v7e-m+fp/hard\libc_nano.a(lib_a-impure.o)
__sf_fake_stdin                                   c:/users/84886/desktop/project stm32/tool/arm-gnu-toolchain-12.2.mpacbti-rel1-mingw-w64-i686-arm-none-eabi/bin/../lib/gcc/arm-none-eabi/9.2.1/../../../../arm-none-eabi/lib/thumb/v7e-m+fp/hard\libc_nano.a(lib_a-impure.o)